Archive member included to satisfy reference by file (symbol)

c:/st/stm32cubeide_1.12.1/stm32cubeide/plugins/com.st.stm32cube.ide.mcu.externaltools.gnu-tools-for-stm32.10.3-2021.10.win32_1.0.200.202301161003/tools/bin/../lib/gcc/arm-none-eabi/10.3.1/../../../../arm-none-eabi/lib/thumb/v7-m/nofp\libc_nano.a(lib_a-errno.o)
                              ./Core/Src/syscalls.o (__errno)
c:/st/stm32cubeide_1.12.1/stm32cubeide/plugins/com.st.stm32cube.ide.mcu.externaltools.gnu-tools-for-stm32.10.3-2021.10.win32_1.0.200.202301161003/tools/bin/../lib/gcc/arm-none-eabi/10.3.1/../../../../arm-none-eabi/lib/thumb/v7-m/nofp\libc_nano.a(lib_a-exit.o)
                              c:/st/stm32cubeide_1.12.1/stm32cubeide/plugins/com.st.stm32cube.ide.mcu.externaltools.gnu-tools-for-stm32.10.3-2021.10.win32_1.0.200.202301161003/tools/bin/../lib/gcc/arm-none-eabi/10.3.1/../../../../arm-none-eabi/lib/thumb/v7-m/nofp/crt0.o (exit)
c:/st/stm32cubeide_1.12.1/stm32cubeide/plugins/com.st.stm32cube.ide.mcu.externaltools.gnu-tools-for-stm32.10.3-2021.10.win32_1.0.200.202301161003/tools/bin/../lib/gcc/arm-none-eabi/10.3.1/../../../../arm-none-eabi/lib/thumb/v7-m/nofp\libc_nano.a(lib_a-impure.o)
                              c:/st/stm32cubeide_1.12.1/stm32cubeide/plugins/com.st.stm32cube.ide.mcu.externaltools.gnu-tools-for-stm32.10.3-2021.10.win32_1.0.200.202301161003/tools/bin/../lib/gcc/arm-none-eabi/10.3.1/../../../../arm-none-eabi/lib/thumb/v7-m/nofp\libc_nano.a(lib_a-exit.o) (_global_impure_ptr)
c:/st/stm32cubeide_1.12.1/stm32cubeide/plugins/com.st.stm32cube.ide.mcu.externaltools.gnu-tools-for-stm32.10.3-2021.10.win32_1.0.200.202301161003/tools/bin/../lib/gcc/arm-none-eabi/10.3.1/../../../../arm-none-eabi/lib/thumb/v7-m/nofp\libc_nano.a(lib_a-init.o)
                              c:/st/stm32cubeide_1.12.1/stm32cubeide/plugins/com.st.stm32cube.ide.mcu.externaltools.gnu-tools-for-stm32.10.3-2021.10.win32_1.0.200.202301161003/tools/bin/../lib/gcc/arm-none-eabi/10.3.1/../../../../arm-none-eabi/lib/thumb/v7-m/nofp/crt0.o (__libc_init_array)
c:/st/stm32cubeide_1.12.1/stm32cubeide/plugins/com.st.stm32cube.ide.mcu.externaltools.gnu-tools-for-stm32.10.3-2021.10.win32_1.0.200.202301161003/tools/bin/../lib/gcc/arm-none-eabi/10.3.1/../../../../arm-none-eabi/lib/thumb/v7-m/nofp\libc_nano.a(lib_a-itoa.o)
                              ./Core/Src/main.o (itoa)
c:/st/stm32cubeide_1.12.1/stm32cubeide/plugins/com.st.stm32cube.ide.mcu.externaltools.gnu-tools-for-stm32.10.3-2021.10.win32_1.0.200.202301161003/tools/bin/../lib/gcc/arm-none-eabi/10.3.1/../../../../arm-none-eabi/lib/thumb/v7-m/nofp\libc_nano.a(lib_a-memcpy-stub.o)
                              ./Middlewares/Third_Party/FreeRTOS/Source/CMSIS_RTOS_V2/cmsis_os2.o (memcpy)
c:/st/stm32cubeide_1.12.1/stm32cubeide/plugins/com.st.stm32cube.ide.mcu.externaltools.gnu-tools-for-stm32.10.3-2021.10.win32_1.0.200.202301161003/tools/bin/../lib/gcc/arm-none-eabi/10.3.1/../../../../arm-none-eabi/lib/thumb/v7-m/nofp\libc_nano.a(lib_a-memset.o)
                              c:/st/stm32cubeide_1.12.1/stm32cubeide/plugins/com.st.stm32cube.ide.mcu.externaltools.gnu-tools-for-stm32.10.3-2021.10.win32_1.0.200.202301161003/tools/bin/../lib/gcc/arm-none-eabi/10.3.1/../../../../arm-none-eabi/lib/thumb/v7-m/nofp/crt0.o (memset)
c:/st/stm32cubeide_1.12.1/stm32cubeide/plugins/com.st.stm32cube.ide.mcu.externaltools.gnu-tools-for-stm32.10.3-2021.10.win32_1.0.200.202301161003/tools/bin/../lib/gcc/arm-none-eabi/10.3.1/../../../../arm-none-eabi/lib/thumb/v7-m/nofp\libc_nano.a(lib_a-utoa.o)
                              c:/st/stm32cubeide_1.12.1/stm32cubeide/plugins/com.st.stm32cube.ide.mcu.externaltools.gnu-tools-for-stm32.10.3-2021.10.win32_1.0.200.202301161003/tools/bin/../lib/gcc/arm-none-eabi/10.3.1/../../../../arm-none-eabi/lib/thumb/v7-m/nofp\libc_nano.a(lib_a-itoa.o) (__utoa)

Discarded input sections

 .text          0x0000000000000000        0x0 c:/st/stm32cubeide_1.12.1/stm32cubeide/plugins/com.st.stm32cube.ide.mcu.externaltools.gnu-tools-for-stm32.10.3-2021.10.win32_1.0.200.202301161003/tools/bin/../lib/gcc/arm-none-eabi/10.3.1/thumb/v7-m/nofp/crti.o
 .data          0x0000000000000000        0x0 c:/st/stm32cubeide_1.12.1/stm32cubeide/plugins/com.st.stm32cube.ide.mcu.externaltools.gnu-tools-for-stm32.10.3-2021.10.win32_1.0.200.202301161003/tools/bin/../lib/gcc/arm-none-eabi/10.3.1/thumb/v7-m/nofp/crti.o
 .bss           0x0000000000000000        0x0 c:/st/stm32cubeide_1.12.1/stm32cubeide/plugins/com.st.stm32cube.ide.mcu.externaltools.gnu-tools-for-stm32.10.3-2021.10.win32_1.0.200.202301161003/tools/bin/../lib/gcc/arm-none-eabi/10.3.1/thumb/v7-m/nofp/crti.o
 .data          0x0000000000000000        0x4 c:/st/stm32cubeide_1.12.1/stm32cubeide/plugins/com.st.stm32cube.ide.mcu.externaltools.gnu-tools-for-stm32.10.3-2021.10.win32_1.0.200.202301161003/tools/bin/../lib/gcc/arm-none-eabi/10.3.1/thumb/v7-m/nofp/crtbegin.o
[...]
Memory Configuration

Name             Origin             Length             Attributes
RAM              0x0000000020000000 0x0000000000005000 xrw
FLASH            0x0000000008000000 0x0000000000010000 xr
*default*        0x0000000000000000 0xffffffffffffffff

Linker script and memory map

LOAD c:/st/stm32cubeide_1.12.1/stm32cubeide/plugins/com.st.stm32cube.ide.mcu.externaltools.gnu-tools-for-stm32.10.3-2021.10.win32_1.0.200.202301161003/tools/bin/../lib/gcc/arm-none-eabi/10.3.1/thumb/v7-m/nofp/crti.o
LOAD c:/st/stm32cubeide_1.12.1/stm32cubeide/plugins/com.st.stm32cube.ide.mcu.externaltools.gnu-tools-for-stm32.10.3-2021.10.win32_1.0.200.202301161003/tools/bin/../lib/gcc/arm-none-eabi/10.3.1/thumb/v7-m/nofp/crtbegin.o
LOAD c:/st/stm32cubeide_1.12.1/stm32cubeide/plugins/com.st.stm32cube.ide.mcu.externaltools.gnu-tools-for-stm32.10.3-2021.10.win32_1.0.200.202301161003/tools/bin/../lib/gcc/arm-none-eabi/10.3.1/../../../../arm-none-eabi/lib/thumb/v7-m/nofp/crt0.o
LOAD ./Core/Src/freertos.o
LOAD ./Core/Src/liquidcrystal_i2c.o
LOAD ./Core/Src/main.o
LOAD ./Core/Src/stm32f1xx_hal_msp.o
LOAD ./Core/Src/stm32f1xx_hal_uart.o
LOAD ./Core/Src/stm32f1xx_hal_usart.o
LOAD ./Core/Src/stm32f1xx_it.o
LOAD ./Core/Src/syscalls.o
LOAD ./Core/Src/sysmem.o
LOAD ./Core/Src/system_stm32f1xx.o
LOAD ./Core/Startup/startup_stm32f103c8tx.o
LOAD ./Drivers/STM32F1xx_HAL_Driver/Src/stm32f1xx_hal.o
LOAD ./Drivers/STM32F1xx_HAL_Driver/Src/stm32f1xx_hal_cortex.o
LOAD ./Drivers/STM32F1xx_HAL_Driver/Src/stm32f1xx_hal_dma.o
LOAD ./Drivers/STM32F1xx_HAL_Driver/Src/stm32f1xx_hal_exti.o
LOAD ./Drivers/STM32F1xx_HAL_Driver/Src/stm32f1xx_hal_flash.o
LOAD ./Drivers/STM32F1xx_HAL_Driver/Src/stm32f1xx_hal_flash_ex.o
LOAD ./Drivers/STM32F1xx_HAL_Driver/Src/stm32f1xx_hal_gpio.o
LOAD ./Drivers/STM32F1xx_HAL_Driver/Src/stm32f1xx_hal_gpio_ex.o
LOAD ./Drivers/STM32F1xx_HAL_Driver/Src/stm32f1xx_hal_i2c.o
LOAD ./Drivers/STM32F1xx_HAL_Driver/Src/stm32f1xx_hal_pwr.o
LOAD ./Drivers/STM32F1xx_HAL_Driver/Src/stm32f1xx_hal_rcc.o
LOAD ./Drivers/STM32F1xx_HAL_Driver/Src/stm32f1xx_hal_rcc_ex.o
LOAD ./Middlewares/Third_Party/FreeRTOS/Source/CMSIS_RTOS_V2/cmsis_os2.o
LOAD ./Middlewares/Third_Party/FreeRTOS/Source/croutine.o
LOAD ./Middlewares/Third_Party/FreeRTOS/Source/event_groups.o
LOAD ./Middlewares/Third_Party/FreeRTOS/Source/list.o
LOAD ./Middlewares/Third_Party/FreeRTOS/Source/queue.o
LOAD ./Middlewares/Third_Party/FreeRTOS/Source/stream_buffer.o
LOAD ./Middlewares/Third_Party/FreeRTOS/Source/tasks.o
LOAD ./Middlewares/Third_Party/FreeRTOS/Source/timers.o
LOAD ./Middlewares/Third_Party/FreeRTOS/Source/portable/GCC/ARM_CM3/port.o
LOAD ./Middlewares/Third_Party/FreeRTOS/Source/portable/MemMang/heap_4.o
START GROUP
LOAD c:/st/stm32cubeide_1.12.1/stm32cubeide/plugins/com.st.stm32cube.ide.mcu.externaltools.gnu-tools-for-stm32.10.3-2021.10.win32_1.0.200.202301161003/tools/bin/../lib/gcc/arm-none-eabi/10.3.1/../../../../arm-none-eabi/lib/thumb/v7-m/nofp\libstdc++_nano.a
LOAD c:/st/stm32cubeide_1.12.1/stm32cubeide/plugins/com.st.stm32cube.ide.mcu.externaltools.gnu-tools-for-stm32.10.3-2021.10.win32_1.0.200.202301161003/tools/bin/../lib/gcc/arm-none-eabi/10.3.1/../../../../arm-none-eabi/lib/thumb/v7-m/nofp\libsupc++_nano.a
END GROUP
LOAD c:/st/stm32cubeide_1.12.1/stm32cubeide/plugins/com.st.stm32cube.ide.mcu.externaltools.gnu-tools-for-stm32.10.3-2021.10.win32_1.0.200.202301161003/tools/bin/../lib/gcc/arm-none-eabi/10.3.1/../../../../arm-none-eabi/lib/thumb/v7-m/nofp\libstdc++_nano.a
LOAD c:/st/stm32cubeide_1.12.1/stm32cubeide/plugins/com.st.stm32cube.ide.mcu.externaltools.gnu-tools-for-stm32.10.3-2021.10.win32_1.0.200.202301161003/tools/bin/../lib/gcc/arm-none-eabi/10.3.1/../../../../arm-none-eabi/lib/thumb/v7-m/nofp\libm.a
LOAD c:/st/stm32cubeide_1.12.1/stm32cubeide/plugins/com.st.stm32cube.ide.mcu.externaltools.gnu-tools-for-stm32.10.3-2021.10.win32_1.0.200.202301161003/tools/bin/../lib/gcc/arm-none-eabi/10.3.1/../../../../arm-none-eabi/lib/thumb/v7-m/nofp\libc_nano.a
START GROUP
LOAD c:/st/stm32cubeide_1.12.1/stm32cubeide/plugins/com.st.stm32cube.ide.mcu.externaltools.gnu-tools-for-stm32.10.3-2021.10.win32_1.0.200.202301161003/tools/bin/../lib/gcc/arm-none-eabi/10.3.1/thumb/v7-m/nofp\libgcc.a
LOAD c:/st/stm32cubeide_1.12.1/stm32cubeide/plugins/com.st.stm32cube.ide.mcu.externaltools.gnu-tools-for-stm32.10.3-2021.10.win32_1.0.200.202301161003/tools/bin/../lib/gcc/arm-none-eabi/10.3.1/../../../../arm-none-eabi/lib/thumb/v7-m/nofp\libc_nano.a
END GROUP
START GROUP
LOAD c:/st/stm32cubeide_1.12.1/stm32cubeide/plugins/com.st.stm32cube.ide.mcu.externaltools.gnu-tools-for-stm32.10.3-2021.10.win32_1.0.200.202301161003/tools/bin/../lib/gcc/arm-none-eabi/10.3.1/thumb/v7-m/nofp\libgcc.a
LOAD c:/st/stm32cubeide_1.12.1/stm32cubeide/plugins/com.st.stm32cube.ide.mcu.externaltools.gnu-tools-for-stm32.10.3-2021.10.win32_1.0.200.202301161003/tools/bin/../lib/gcc/arm-none-eabi/10.3.1/../../../../arm-none-eabi/lib/thumb/v7-m/nofp\libc_nano.a
LOAD c:/st/stm32cubeide_1.12.1/stm32cubeide/plugins/com.st.stm32cube.ide.mcu.externaltools.gnu-tools-for-stm32.10.3-2021.10.win32_1.0.200.202301161003/tools/bin/../lib/gcc/arm-none-eabi/10.3.1/../../../../arm-none-eabi/lib/thumb/v7-m/nofp\libnosys.a
END GROUP
START GROUP
LOAD c:/st/stm32cubeide_1.12.1/stm32cubeide/plugins/com.st.stm32cube.ide.mcu.externaltools.gnu-tools-for-stm32.10.3-2021.10.win32_1.0.200.202301161003/tools/bin/../lib/gcc/arm-none-eabi/10.3.1/thumb/v7-m/nofp\libgcc.a
LOAD c:/st/stm32cubeide_1.12.1/stm32cubeide/plugins/com.st.stm32cube.ide.mcu.externaltools.gnu-tools-for-stm32.10.3-2021.10.win32_1.0.200.202301161003/tools/bin/../lib/gcc/arm-none-eabi/10.3.1/../../../../arm-none-eabi/lib/thumb/v7-m/nofp\libc_nano.a
LOAD c:/st/stm32cubeide_1.12.1/stm32cubeide/plugins/com.st.stm32cube.ide.mcu.externaltools.gnu-tools-for-stm32.10.3-2021.10.win32_1.0.200.202301161003/tools/bin/../lib/gcc/arm-none-eabi/10.3.1/../../../../arm-none-eabi/lib/thumb/v7-m/nofp\libnosys.a
END GROUP
LOAD c:/st/stm32cubeide_1.12.1/stm32cubeide/plugins/com.st.stm32cube.ide.mcu.externaltools.gnu-tools-for-stm32.10.3-2021.10.win32_1.0.200.202301161003/tools/bin/../lib/gcc/arm-none-eabi/10.3.1/thumb/v7-m/nofp/crtend.o
LOAD c:/st/stm32cubeide_1.12.1/stm32cubeide/plugins/com.st.stm32cube.ide.mcu.externaltools.gnu-tools-for-stm32.10.3-2021.10.win32_1.0.200.202301161003/tools/bin/../lib/gcc/arm-none-eabi/10.3.1/thumb/v7-m/nofp/crtn.o
                0x0000000020005000                _estack = (ORIGIN (RAM) + LENGTH (RAM))
                0x0000000000000200                _Min_Heap_Size = 0x200
                0x0000000000000400                _Min_Stack_Size = 0x400

.isr_vector     0x0000000008000000      0x10c
                0x0000000008000000                . = ALIGN (0x4)
 *(.isr_vector)
 .isr_vector    0x0000000008000000      0x10c ./Core/Startup/startup_stm32f103c8tx.o
                0x0000000008000000                g_pfnVectors
                0x000000000800010c                . = ALIGN (0x4)

.text           0x0000000008000110     0x4a30
                0x0000000008000110                . = ALIGN (0x4)
 *(.text)
 .text          0x0000000008000110       0x40 c:/st/stm32cubeide_1.12.1/stm32cubeide/plugins/com.st.stm32cube.ide.mcu.externaltools.gnu-tools-for-stm32.10.3-2021.10.win32_1.0.200.202301161003/tools/bin/../lib/gcc/arm-none-eabi/10.3.1/thumb/v7-m/nofp/crtbegin.o
 *(.text*)
 .text.HD44780_Init
                0x0000000008000150      0x108 ./Core/Src/liquidcrystal_i2c.o
                0x0000000008000150                HD44780_Init
 .text.HD44780_Clear
                0x0000000008000258       0x16 ./Core/Src/liquidcrystal_i2c.o
                0x0000000008000258                HD44780_Clear
 .text.HD44780_Home
                0x000000000800026e       0x16 ./Core/Src/liquidcrystal_i2c.o
                0x000000000800026e                HD44780_Home
 .text.HD44780_SetCursor
                0x0000000008000284       0x64 ./Core/Src/liquidcrystal_i2c.o
                0x0000000008000284                HD44780_SetCursor
 .text.HD44780_NoDisplay
                0x00000000080002e8       0x2c ./Core/Src/liquidcrystal_i2c.o
                0x00000000080002e8                HD44780_NoDisplay
 .text.HD44780_Display
                0x0000000008000314       0x2c ./Core/Src/liquidcrystal_i2c.o
                0x0000000008000314                HD44780_Display
 .text.HD44780_NoCursor
                0x0000000008000340       0x2c ./Core/Src/liquidcrystal_i2c.o
                0x0000000008000340                HD44780_NoCursor
 .text.HD44780_Cursor
                0x000000000800036c       0x2c ./Core/Src/liquidcrystal_i2c.o
                0x000000000800036c                HD44780_Cursor
 .text.HD44780_NoBlink
                0x0000000008000398       0x2c ./Core/Src/liquidcrystal_i2c.o
                0x0000000008000398                HD44780_NoBlink
 .text.HD44780_Blink
                0x00000000080003c4       0x2c ./Core/Src/liquidcrystal_i2c.o
                0x00000000080003c4                HD44780_Blink
 .text.HD44780_ScrollDisplayLeft
                0x00000000080003f0        0xe ./Core/Src/liquidcrystal_i2c.o
                0x00000000080003f0                HD44780_ScrollDisplayLeft
 .text.HD44780_CreateSpecialChar
                0x00000000080003fe       0x52 ./Core/Src/liquidcrystal_i2c.o
                0x00000000080003fe                HD44780_CreateSpecialChar
 .text.HD44780_PrintStr
                0x0000000008000450       0x2a ./Core/Src/liquidcrystal_i2c.o
                0x0000000008000450                HD44780_PrintStr
 *fill*         0x000000000800047a        0x2 
 .text.HD44780_NoBacklight
                0x000000000800047c       0x18 ./Core/Src/liquidcrystal_i2c.o
                0x000000000800047c                HD44780_NoBacklight
 .text.HD44780_Backlight
                0x0000000008000494       0x18 ./Core/Src/liquidcrystal_i2c.o
                0x0000000008000494                HD44780_Backlight
 .text.SendCommand
                0x00000000080004ac       0x1c ./Core/Src/liquidcrystal_i2c.o
 .text.SendChar
                0x00000000080004c8       0x1c ./Core/Src/liquidcrystal_i2c.o
 .text.Send     0x00000000080004e4       0x42 ./Core/Src/liquidcrystal_i2c.o
 .text.Write4Bits
                0x0000000008000526       0x22 ./Core/Src/liquidcrystal_i2c.o
 .text.ExpanderWrite
                0x0000000008000548       0x38 ./Core/Src/liquidcrystal_i2c.o
 .text.PulseEnable
                0x0000000008000580       0x3a ./Core/Src/liquidcrystal_i2c.o
 *fill*         0x00000000080005ba        0x2 
 .text.DelayInit
                0x00000000080005bc       0x50 ./Core/Src/liquidcrystal_i2c.o
 .text.DelayUS  0x000000000800060c       0x4c ./Core/Src/liquidcrystal_i2c.o
 .text.main     0x0000000008000658      0x154 ./Core/Src/main.o
                0x0000000008000658                main
 .text.SystemClock_Config
                0x00000000080007ac       0x76 ./Core/Src/main.o
                0x00000000080007ac                SystemClock_Config
 *fill*         0x0000000008000822        0x2 
 .text.MX_I2C1_Init
                0x0000000008000824       0xa0 ./Core/Src/main.o
 .text.MX_GPIO_Init
                0x00000000080008c4       0x2c ./Core/Src/main.o
 .text.StartDefaultTask
                0x00000000080008f0        0xa ./Core/Src/main.o
                0x00000000080008f0                StartDefaultTask
 .text.Error_Handler
                0x00000000080008fa        0xa ./Core/Src/main.o
                0x00000000080008fa                Error_Handler
 .text.HAL_MspInit
                0x0000000008000904       0x50 ./Core/Src/stm32f1xx_hal_msp.o
                0x0000000008000904                HAL_MspInit
 .text.HAL_I2C_MspInit
                0x0000000008000954       0xa0 ./Core/Src/stm32f1xx_hal_msp.o
                0x0000000008000954                HAL_I2C_MspInit
 .text.NMI_Handler
                0x00000000080009f4        0x6 ./Core/Src/stm32f1xx_it.o
                0x00000000080009f4                NMI_Handler
 .text.HardFault_Handler
                0x00000000080009fa        0x6 ./Core/Src/stm32f1xx_it.o
                0x00000000080009fa                HardFault_Handler
 .text.MemManage_Handler
                0x0000000008000a00        0x6 ./Core/Src/stm32f1xx_it.o
                0x0000000008000a00                MemManage_Handler
 .text.BusFault_Handler
                0x0000000008000a06        0x6 ./Core/Src/stm32f1xx_it.o
                0x0000000008000a06                BusFault_Handler
 .text.UsageFault_Handler
                0x0000000008000a0c        0x6 ./Core/Src/stm32f1xx_it.o
                0x0000000008000a0c                UsageFault_Handler
 .text.DebugMon_Handler
                0x0000000008000a12        0xc ./Core/Src/stm32f1xx_it.o
                0x0000000008000a12                DebugMon_Handler
 .text.SysTick_Handler
                0x0000000008000a1e       0x1a ./Core/Src/stm32f1xx_it.o
                0x0000000008000a1e                SysTick_Handler
 .text.SystemInit
                0x0000000008000a38        0xc ./Core/Src/system_stm32f1xx.o
                0x0000000008000a38                SystemInit
 .text.Reset_Handler
                0x0000000008000a44       0x48 ./Core/Startup/startup_stm32f103c8tx.o
                0x0000000008000a44                Reset_Handler
 .text.Default_Handler
                0x0000000008000a8c        0x2 ./Core/Startup/startup_stm32f103c8tx.o
                0x0000000008000a8c                RTC_Alarm_IRQHandler
                0x0000000008000a8c                EXTI2_IRQHandler
                0x0000000008000a8c                TIM1_CC_IRQHandler
                0x0000000008000a8c                PVD_IRQHandler
                0x0000000008000a8c                EXTI3_IRQHandler
                0x0000000008000a8c                EXTI0_IRQHandler
                0x0000000008000a8c                I2C2_EV_IRQHandler
                0x0000000008000a8c                ADC1_2_IRQHandler
                0x0000000008000a8c                SPI1_IRQHandler
                0x0000000008000a8c                TAMPER_IRQHandler
                0x0000000008000a8c                DMA1_Channel4_IRQHandler
                0x0000000008000a8c                USART3_IRQHandler
                0x0000000008000a8c                RTC_IRQHandler
                0x0000000008000a8c                DMA1_Channel7_IRQHandler
                0x0000000008000a8c                CAN1_RX1_IRQHandler
                0x0000000008000a8c                TIM4_IRQHandler
                0x0000000008000a8c                I2C1_EV_IRQHandler
                0x0000000008000a8c                DMA1_Channel6_IRQHandler
                0x0000000008000a8c                TIM3_IRQHandler
                0x0000000008000a8c                RCC_IRQHandler
                0x0000000008000a8c                TIM1_TRG_COM_IRQHandler
                0x0000000008000a8c                DMA1_Channel1_IRQHandler
                0x0000000008000a8c                Default_Handler
                0x0000000008000a8c                EXTI15_10_IRQHandler
                0x0000000008000a8c                EXTI9_5_IRQHandler
                0x0000000008000a8c                SPI2_IRQHandler
                0x0000000008000a8c                DMA1_Channel5_IRQHandler
                0x0000000008000a8c                EXTI4_IRQHandler
                0x0000000008000a8c                USB_LP_CAN1_RX0_IRQHandler
                0x0000000008000a8c                USB_HP_CAN1_TX_IRQHandler
                0x0000000008000a8c                DMA1_Channel3_IRQHandler
                0x0000000008000a8c                TIM1_UP_IRQHandler
                0x0000000008000a8c                WWDG_IRQHandler
                0x0000000008000a8c                TIM2_IRQHandler
                0x0000000008000a8c                TIM1_BRK_IRQHandler
                0x0000000008000a8c                EXTI1_IRQHandler
                0x0000000008000a8c                USART2_IRQHandler
                0x0000000008000a8c                I2C2_ER_IRQHandler
                0x0000000008000a8c                DMA1_Channel2_IRQHandler
                0x0000000008000a8c                CAN1_SCE_IRQHandler
                0x0000000008000a8c                FLASH_IRQHandler
                0x0000000008000a8c                USART1_IRQHandler
                0x0000000008000a8c                I2C1_ER_IRQHandler
                0x0000000008000a8c                USBWakeUp_IRQHandler
 *fill*         0x0000000008000a8e        0x2 
 .text.HAL_Init
                0x0000000008000a90       0x2c ./Drivers/STM32F1xx_HAL_Driver/Src/stm32f1xx_hal.o
                0x0000000008000a90                HAL_Init
 .text.HAL_InitTick
                0x0000000008000abc       0x60 ./Drivers/STM32F1xx_HAL_Driver/Src/stm32f1xx_hal.o
                0x0000000008000abc                HAL_InitTick
 .text.HAL_IncTick
                0x0000000008000b1c       0x24 ./Drivers/STM32F1xx_HAL_Driver/Src/stm32f1xx_hal.o
                0x0000000008000b1c                HAL_IncTick
 .text.HAL_GetTick
                0x0000000008000b40       0x14 ./Drivers/STM32F1xx_HAL_Driver/Src/stm32f1xx_hal.o
                0x0000000008000b40                HAL_GetTick
 .text.HAL_Delay
                0x0000000008000b54       0x48 ./Drivers/STM32F1xx_HAL_Driver/Src/stm32f1xx_hal.o
                0x0000000008000b54                HAL_Delay
 .text.__NVIC_SetPriorityGrouping
                0x0000000008000b9c       0x48 ./Drivers/STM32F1xx_HAL_Driver/Src/stm32f1xx_hal_cortex.o
 .text.__NVIC_GetPriorityGrouping
                0x0000000008000be4       0x1c ./Drivers/STM32F1xx_HAL_Driver/Src/stm32f1xx_hal_cortex.o
 .text.__NVIC_SetPriority
                0x0000000008000c00       0x54 ./Drivers/STM32F1xx_HAL_Driver/Src/stm32f1xx_hal_cortex.o
 .text.NVIC_EncodePriority
                0x0000000008000c54       0x64 ./Drivers/STM32F1xx_HAL_Driver/Src/stm32f1xx_hal_cortex.o
 .text.SysTick_Config
                0x0000000008000cb8       0x44 ./Drivers/STM32F1xx_HAL_Driver/Src/stm32f1xx_hal_cortex.o
 .text.HAL_NVIC_SetPriorityGrouping
                0x0000000008000cfc       0x16 ./Drivers/STM32F1xx_HAL_Driver/Src/stm32f1xx_hal_cortex.o
                0x0000000008000cfc                HAL_NVIC_SetPriorityGrouping
 .text.HAL_NVIC_SetPriority
                0x0000000008000d12       0x38 ./Drivers/STM32F1xx_HAL_Driver/Src/stm32f1xx_hal_cortex.o
                0x0000000008000d12                HAL_NVIC_SetPriority
 .text.HAL_SYSTICK_Config
                0x0000000008000d4a       0x18 ./Drivers/STM32F1xx_HAL_Driver/Src/stm32f1xx_hal_cortex.o
                0x0000000008000d4a                HAL_SYSTICK_Config
 *fill*         0x0000000008000d62        0x2 
 .text.HAL_GPIO_Init
                0x0000000008000d64      0x308 ./Drivers/STM32F1xx_HAL_Driver/Src/stm32f1xx_hal_gpio.o
                0x0000000008000d64                HAL_GPIO_Init
 .text.HAL_I2C_Init
                0x000000000800106c      0x288 ./Drivers/STM32F1xx_HAL_Driver/Src/stm32f1xx_hal_i2c.o
                0x000000000800106c                HAL_I2C_Init
 .text.HAL_I2C_Master_Transmit
                0x00000000080012f4      0x1fc ./Drivers/STM32F1xx_HAL_Driver/Src/stm32f1xx_hal_i2c.o
                0x00000000080012f4                HAL_I2C_Master_Transmit
 .text.I2C_MasterRequestWrite
                0x00000000080014f0      0x104 ./Drivers/STM32F1xx_HAL_Driver/Src/stm32f1xx_hal_i2c.o
 .text.I2C_WaitOnFlagUntilTimeout
                0x00000000080015f4       0xae ./Drivers/STM32F1xx_HAL_Driver/Src/stm32f1xx_hal_i2c.o
 .text.I2C_WaitOnMasterAddressFlagUntilTimeout
                0x00000000080016a2       0xfe ./Drivers/STM32F1xx_HAL_Driver/Src/stm32f1xx_hal_i2c.o
 .text.I2C_WaitOnTXEFlagUntilTimeout
                0x00000000080017a0       0x82 ./Drivers/STM32F1xx_HAL_Driver/Src/stm32f1xx_hal_i2c.o
 .text.I2C_WaitOnBTFFlagUntilTimeout
                0x0000000008001822       0x82 ./Drivers/STM32F1xx_HAL_Driver/Src/stm32f1xx_hal_i2c.o
 .text.I2C_IsAcknowledgeFailed
                0x00000000080018a4       0x5c ./Drivers/STM32F1xx_HAL_Driver/Src/stm32f1xx_hal_i2c.o
 .text.HAL_RCC_OscConfig
                0x0000000008001900      0x504 ./Drivers/STM32F1xx_HAL_Driver/Src/stm32f1xx_hal_rcc.o
                0x0000000008001900                HAL_RCC_OscConfig
 .text.HAL_RCC_ClockConfig
                0x0000000008001e04      0x1d4 ./Drivers/STM32F1xx_HAL_Driver/Src/stm32f1xx_hal_rcc.o
                0x0000000008001e04                HAL_RCC_ClockConfig
 .text.HAL_RCC_GetSysClockFreq
                0x0000000008001fd8       0xbc ./Drivers/STM32F1xx_HAL_Driver/Src/stm32f1xx_hal_rcc.o
                0x0000000008001fd8                HAL_RCC_GetSysClockFreq
 .text.HAL_RCC_GetHCLKFreq
                0x0000000008002094       0x14 ./Drivers/STM32F1xx_HAL_Driver/Src/stm32f1xx_hal_rcc.o
                0x0000000008002094                HAL_RCC_GetHCLKFreq
 .text.HAL_RCC_GetPCLK1Freq
                0x00000000080020a8       0x28 ./Drivers/STM32F1xx_HAL_Driver/Src/stm32f1xx_hal_rcc.o
                0x00000000080020a8                HAL_RCC_GetPCLK1Freq
 .text.RCC_Delay
                0x00000000080020d0       0x3c ./Drivers/STM32F1xx_HAL_Driver/Src/stm32f1xx_hal_rcc.o
 .text.osKernelInitialize
                0x000000000800210c       0x64 ./Middlewares/Third_Party/FreeRTOS/Source/CMSIS_RTOS_V2/cmsis_os2.o
                0x000000000800210c                osKernelInitialize
 .text.osKernelStart
                0x0000000008002170       0x68 ./Middlewares/Third_Party/FreeRTOS/Source/CMSIS_RTOS_V2/cmsis_os2.o
                0x0000000008002170                osKernelStart
 .text.osThreadNew
                0x00000000080021d8      0x154 ./Middlewares/Third_Party/FreeRTOS/Source/CMSIS_RTOS_V2/cmsis_os2.o
                0x00000000080021d8                osThreadNew
 .text.vApplicationGetIdleTaskMemory
                0x000000000800232c       0x30 ./Middlewares/Third_Party/FreeRTOS/Source/CMSIS_RTOS_V2/cmsis_os2.o
                0x000000000800232c                vApplicationGetIdleTaskMemory
 .text.vApplicationGetTimerTaskMemory
                0x000000000800235c       0x34 ./Middlewares/Third_Party/FreeRTOS/Source/CMSIS_RTOS_V2/cmsis_os2.o
                0x000000000800235c                vApplicationGetTimerTaskMemory
 .text.vListInitialise
                0x0000000008002390       0x3e ./Middlewares/Third_Party/FreeRTOS/Source/list.o
                0x0000000008002390                vListInitialise
 .text.vListInitialiseItem
                0x00000000080023ce       0x18 ./Middlewares/Third_Party/FreeRTOS/Source/list.o
                0x00000000080023ce                vListInitialiseItem
 .text.vListInsertEnd
                0x00000000080023e6       0x46 ./Middlewares/Third_Party/FreeRTOS/Source/list.o
                0x00000000080023e6                vListInsertEnd
 .text.vListInsert
                0x000000000800242c       0x70 ./Middlewares/Third_Party/FreeRTOS/Source/list.o
                0x000000000800242c                vListInsert
 .text.uxListRemove
                0x000000000800249c       0x52 ./Middlewares/Third_Party/FreeRTOS/Source/list.o
                0x000000000800249c                uxListRemove
 *fill*         0x00000000080024ee        0x2 
 .text.xQueueGenericReset
                0x00000000080024f0       0xd0 ./Middlewares/Third_Party/FreeRTOS/Source/queue.o
                0x00000000080024f0                xQueueGenericReset
 .text.xQueueGenericCreateStatic
                0x00000000080025c0       0xee ./Middlewares/Third_Party/FreeRTOS/Source/queue.o
                0x00000000080025c0                xQueueGenericCreateStatic
 .text.prvInitialiseNewQueue
                0x00000000080026ae       0x46 ./Middlewares/Third_Party/FreeRTOS/Source/queue.o
 .text.xQueueGenericSend
                0x00000000080026f4      0x1fc ./Middlewares/Third_Party/FreeRTOS/Source/queue.o
                0x00000000080026f4                xQueueGenericSend
 .text.xQueueGenericSendFromISR
                0x00000000080028f0      0x130 ./Middlewares/Third_Party/FreeRTOS/Source/queue.o
                0x00000000080028f0                xQueueGenericSendFromISR
 .text.xQueueReceive
                0x0000000008002a20      0x1c0 ./Middlewares/Third_Party/FreeRTOS/Source/queue.o
                0x0000000008002a20                xQueueReceive
 .text.prvCopyDataToQueue
                0x0000000008002be0       0xd4 ./Middlewares/Third_Party/FreeRTOS/Source/queue.o
 .text.prvCopyDataFromQueue
                0x0000000008002cb4       0x4c ./Middlewares/Third_Party/FreeRTOS/Source/queue.o
 .text.prvUnlockQueue
                0x0000000008002d00       0xa4 ./Middlewares/Third_Party/FreeRTOS/Source/queue.o
 .text.prvIsQueueEmpty
                0x0000000008002da4       0x2c ./Middlewares/Third_Party/FreeRTOS/Source/queue.o
 .text.prvIsQueueFull
                0x0000000008002dd0       0x30 ./Middlewares/Third_Party/FreeRTOS/Source/queue.o
 .text.vQueueAddToRegistry
                0x0000000008002e00       0x50 ./Middlewares/Third_Party/FreeRTOS/Source/queue.o
                0x0000000008002e00                vQueueAddToRegistry
 .text.vQueueWaitForMessageRestricted
                0x0000000008002e50       0x68 ./Middlewares/Third_Party/FreeRTOS/Source/queue.o
                0x0000000008002e50                vQueueWaitForMessageRestricted
 .text.xTaskCreateStatic
                0x0000000008002eb8       0xb8 ./Middlewares/Third_Party/FreeRTOS/Source/tasks.o
                0x0000000008002eb8                xTaskCreateStatic
 .text.xTaskCreate
                0x0000000008002f70       0x8a ./Middlewares/Third_Party/FreeRTOS/Source/tasks.o
                0x0000000008002f70                xTaskCreate
 .text.prvInitialiseNewTask
                0x0000000008002ffa      0x10e ./Middlewares/Third_Party/FreeRTOS/Source/tasks.o
 .text.prvAddNewTaskToReadyList
                0x0000000008003108       0xe0 ./Middlewares/Third_Party/FreeRTOS/Source/tasks.o
 .text.vTaskStartScheduler
                0x00000000080031e8       0xcc ./Middlewares/Third_Party/FreeRTOS/Source/tasks.o
                0x00000000080031e8                vTaskStartScheduler
 .text.vTaskSuspendAll
                0x00000000080032b4       0x1c ./Middlewares/Third_Party/FreeRTOS/Source/tasks.o
                0x00000000080032b4                vTaskSuspendAll
 .text.xTaskResumeAll
                0x00000000080032d0      0x13c ./Middlewares/Third_Party/FreeRTOS/Source/tasks.o
                0x00000000080032d0                xTaskResumeAll
 .text.xTaskGetTickCount
                0x000000000800340c       0x1c ./Middlewares/Third_Party/FreeRTOS/Source/tasks.o
                0x000000000800340c                xTaskGetTickCount
 .text.xTaskIncrementTick
                0x0000000008003428      0x17c ./Middlewares/Third_Party/FreeRTOS/Source/tasks.o
                0x0000000008003428                xTaskIncrementTick
 .text.vTaskSwitchContext
                0x00000000080035a4       0xb8 ./Middlewares/Third_Party/FreeRTOS/Source/tasks.o
                0x00000000080035a4                vTaskSwitchContext
 .text.vTaskPlaceOnEventList
                0x000000000800365c       0x48 ./Middlewares/Third_Party/FreeRTOS/Source/tasks.o
                0x000000000800365c                vTaskPlaceOnEventList
 .text.vTaskPlaceOnEventListRestricted
                0x00000000080036a4       0x58 ./Middlewares/Third_Party/FreeRTOS/Source/tasks.o
                0x00000000080036a4                vTaskPlaceOnEventListRestricted
 .text.xTaskRemoveFromEventList
                0x00000000080036fc       0xc8 ./Middlewares/Third_Party/FreeRTOS/Source/tasks.o
                0x00000000080036fc                xTaskRemoveFromEventList
 .text.vTaskInternalSetTimeOutState
                0x00000000080037c4       0x2c ./Middlewares/Third_Party/FreeRTOS/Source/tasks.o
                0x00000000080037c4                vTaskInternalSetTimeOutState
 .text.xTaskCheckForTimeOut
                0x00000000080037f0       0xc4 ./Middlewares/Third_Party/FreeRTOS/Source/tasks.o
                0x00000000080037f0                xTaskCheckForTimeOut
 .text.vTaskMissedYield
                0x00000000080038b4       0x18 ./Middlewares/Third_Party/FreeRTOS/Source/tasks.o
                0x00000000080038b4                vTaskMissedYield
 .text.prvIdleTask
                0x00000000080038cc       0x30 ./Middlewares/Third_Party/FreeRTOS/Source/tasks.o
 .text.prvInitialiseTaskLists
                0x00000000080038fc       0x80 ./Middlewares/Third_Party/FreeRTOS/Source/tasks.o
 .text.prvCheckTasksWaitingTermination
                0x000000000800397c       0x5c ./Middlewares/Third_Party/FreeRTOS/Source/tasks.o
 .text.prvDeleteTCB
                0x00000000080039d8       0x5e ./Middlewares/Third_Party/FreeRTOS/Source/tasks.o
 *fill*         0x0000000008003a36        0x2 
 .text.prvResetNextTaskUnblockTime
                0x0000000008003a38       0x48 ./Middlewares/Third_Party/FreeRTOS/Source/tasks.o
 .text.xTaskGetSchedulerState
                0x0000000008003a80       0x3c ./Middlewares/Third_Party/FreeRTOS/Source/tasks.o
                0x0000000008003a80                xTaskGetSchedulerState
 .text.xTaskPriorityDisinherit
                0x0000000008003abc       0xdc ./Middlewares/Third_Party/FreeRTOS/Source/tasks.o
                0x0000000008003abc                xTaskPriorityDisinherit
 .text.prvAddCurrentTaskToDelayedList
                0x0000000008003b98       0xa8 ./Middlewares/Third_Party/FreeRTOS/Source/tasks.o
 .text.xTimerCreateTimerTask
                0x0000000008003c40       0x90 ./Middlewares/Third_Party/FreeRTOS/Source/timers.o
                0x0000000008003c40                xTimerCreateTimerTask
 .text.xTimerGenericCommand
                0x0000000008003cd0       0x9c ./Middlewares/Third_Party/FreeRTOS/Source/timers.o
                0x0000000008003cd0                xTimerGenericCommand
 .text.prvProcessExpiredTimer
                0x0000000008003d6c       0x80 ./Middlewares/Third_Party/FreeRTOS/Source/timers.o
 .text.prvTimerTask
                0x0000000008003dec       0x24 ./Middlewares/Third_Party/FreeRTOS/Source/timers.o
 .text.prvProcessTimerOrBlockTask
                0x0000000008003e10       0x9c ./Middlewares/Third_Party/FreeRTOS/Source/timers.o
 .text.prvGetNextExpireTime
                0x0000000008003eac       0x48 ./Middlewares/Third_Party/FreeRTOS/Source/timers.o
 .text.prvSampleTimeNow
                0x0000000008003ef4       0x40 ./Middlewares/Third_Party/FreeRTOS/Source/timers.o
 .text.prvInsertTimerInActiveList
                0x0000000008003f34       0x84 ./Middlewares/Third_Party/FreeRTOS/Source/timers.o
 .text.prvProcessReceivedCommands
                0x0000000008003fb8      0x168 ./Middlewares/Third_Party/FreeRTOS/Source/timers.o
 .text.prvSwitchTimerLists
                0x0000000008004120       0xc4 ./Middlewares/Third_Party/FreeRTOS/Source/timers.o
 .text.prvCheckForValidListAndQueue
                0x00000000080041e4       0x80 ./Middlewares/Third_Party/FreeRTOS/Source/timers.o
 .text.pxPortInitialiseStack
                0x0000000008004264       0x58 ./Middlewares/Third_Party/FreeRTOS/Source/portable/GCC/ARM_CM3/port.o
                0x0000000008004264                pxPortInitialiseStack
 .text.prvTaskExitError
                0x00000000080042bc       0x58 ./Middlewares/Third_Party/FreeRTOS/Source/portable/GCC/ARM_CM3/port.o
 *fill*         0x0000000008004314        0xc 
 .text.SVC_Handler
                0x0000000008004320       0x28 ./Middlewares/Third_Party/FreeRTOS/Source/portable/GCC/ARM_CM3/port.o
                0x0000000008004320                SVC_Handler
 .text.prvPortStartFirstTask
                0x0000000008004348       0x20 ./Middlewares/Third_Party/FreeRTOS/Source/portable/GCC/ARM_CM3/port.o
 .text.xPortStartScheduler
                0x0000000008004368       0xe4 ./Middlewares/Third_Party/FreeRTOS/Source/portable/GCC/ARM_CM3/port.o
                0x0000000008004368                xPortStartScheduler
 .text.vPortEnterCritical
                0x000000000800444c       0x60 ./Middlewares/Third_Party/FreeRTOS/Source/portable/GCC/ARM_CM3/port.o
                0x000000000800444c                vPortEnterCritical
 .text.vPortExitCritical
                0x00000000080044ac       0x50 ./Middlewares/Third_Party/FreeRTOS/Source/portable/GCC/ARM_CM3/port.o
                0x00000000080044ac                vPortExitCritical
 *fill*         0x00000000080044fc        0x4 
 .text.PendSV_Handler
                0x0000000008004500       0x48 ./Middlewares/Third_Party/FreeRTOS/Source/portable/GCC/ARM_CM3/port.o
                0x0000000008004500                PendSV_Handler
 .text.xPortSysTickHandler
                0x0000000008004548       0x44 ./Middlewares/Third_Party/FreeRTOS/Source/portable/GCC/ARM_CM3/port.o
                0x0000000008004548                xPortSysTickHandler
 .text.vPortSetupTimerInterrupt
                0x000000000800458c       0x44 ./Middlewares/Third_Party/FreeRTOS/Source/portable/GCC/ARM_CM3/port.o
                0x000000000800458c                vPortSetupTimerInterrupt
 .text.vPortValidateInterruptPriority
                0x00000000080045d0       0x7c ./Middlewares/Third_Party/FreeRTOS/Source/portable/GCC/ARM_CM3/port.o
                0x00000000080045d0                vPortValidateInterruptPriority
 .text.pvPortMalloc
                0x000000000800464c      0x188 ./Middlewares/Third_Party/FreeRTOS/Source/portable/MemMang/heap_4.o
                0x000000000800464c                pvPortMalloc
 .text.vPortFree
                0x00000000080047d4       0xb4 ./Middlewares/Third_Party/FreeRTOS/Source/portable/MemMang/heap_4.o
                0x00000000080047d4                vPortFree
 .text.prvHeapInit
                0x0000000008004888       0xc4 ./Middlewares/Third_Party/FreeRTOS/Source/portable/MemMang/heap_4.o
 .text.prvInsertBlockIntoFreeList
                0x000000000800494c       0xb0 ./Middlewares/Third_Party/FreeRTOS/Source/portable/MemMang/heap_4.o
 .text.__libc_init_array
                0x00000000080049fc       0x48 c:/st/stm32cubeide_1.12.1/stm32cubeide/plugins/com.st.stm32cube.ide.mcu.externaltools.gnu-tools-for-stm32.10.3-2021.10.win32_1.0.200.202301161003/tools/bin/../lib/gcc/arm-none-eabi/10.3.1/../../../../arm-none-eabi/lib/thumb/v7-m/nofp\libc_nano.a(lib_a-init.o)
                0x00000000080049fc                __libc_init_array
 .text.__itoa   0x0000000008004a44       0x30 c:/st/stm32cubeide_1.12.1/stm32cubeide/plugins/com.st.stm32cube.ide.mcu.externaltools.gnu-tools-for-stm32.10.3-2021.10.win32_1.0.200.202301161003/tools/bin/../lib/gcc/arm-none-eabi/10.3.1/../../../../arm-none-eabi/lib/thumb/v7-m/nofp\libc_nano.a(lib_a-itoa.o)
                0x0000000008004a44                __itoa
 .text.itoa     0x0000000008004a74        0x4 c:/st/stm32cubeide_1.12.1/stm32cubeide/plugins/com.st.stm32cube.ide.mcu.externaltools.gnu-tools-for-stm32.10.3-2021.10.win32_1.0.200.202301161003/tools/bin/../lib/gcc/arm-none-eabi/10.3.1/../../../../arm-none-eabi/lib/thumb/v7-m/nofp\libc_nano.a(lib_a-itoa.o)
                0x0000000008004a74                itoa
 .text.memcpy   0x0000000008004a78       0x1c c:/st/stm32cubeide_1.12.1/stm32cubeide/plugins/com.st.stm32cube.ide.mcu.externaltools.gnu-tools-for-stm32.10.3-2021.10.win32_1.0.200.202301161003/tools/bin/../lib/gcc/arm-none-eabi/10.3.1/../../../../arm-none-eabi/lib/thumb/v7-m/nofp\libc_nano.a(lib_a-memcpy-stub.o)
                0x0000000008004a78                memcpy
 .text.memset   0x0000000008004a94       0x10 c:/st/stm32cubeide_1.12.1/stm32cubeide/plugins/com.st.stm32cube.ide.mcu.externaltools.gnu-tools-for-stm32.10.3-2021.10.win32_1.0.200.202301161003/tools/bin/../lib/gcc/arm-none-eabi/10.3.1/../../../../arm-none-eabi/lib/thumb/v7-m/nofp\libc_nano.a(lib_a-memset.o)
                0x0000000008004a94                memset
 .text.__utoa   0x0000000008004aa4       0x84 c:/st/stm32cubeide_1.12.1/stm32cubeide/plugins/com.st.stm32cube.ide.mcu.externaltools.gnu-tools-for-stm32.10.3-2021.10.win32_1.0.200.202301161003/tools/bin/../lib/gcc/arm-none-eabi/10.3.1/../../../../arm-none-eabi/lib/thumb/v7-m/nofp\libc_nano.a(lib_a-utoa.o)
                0x0000000008004aa4                __utoa
 *(.glue_7)
 .glue_7        0x0000000008004b28        0x0 linker stubs
 *(.glue_7t)
 .glue_7t       0x0000000008004b28        0x0 linker stubs
 *(.eh_frame)
 .eh_frame      0x0000000008004b28        0x0 c:/st/stm32cubeide_1.12.1/stm32cubeide/plugins/com.st.stm32cube.ide.mcu.externaltools.gnu-tools-for-stm32.10.3-2021.10.win32_1.0.200.202301161003/tools/bin/../lib/gcc/arm-none-eabi/10.3.1/thumb/v7-m/nofp/crtbegin.o
 *(.init)
 .init          0x0000000008004b28        0x4 c:/st/stm32cubeide_1.12.1/stm32cubeide/plugins/com.st.stm32cube.ide.mcu.externaltools.gnu-tools-for-stm32.10.3-2021.10.win32_1.0.200.202301161003/tools/bin/../lib/gcc/arm-none-eabi/10.3.1/thumb/v7-m/nofp/crti.o
                0x0000000008004b28                _init
 .init          0x0000000008004b2c        0x8 c:/st/stm32cubeide_1.12.1/stm32cubeide/plugins/com.st.stm32cube.ide.mcu.externaltools.gnu-tools-for-stm32.10.3-2021.10.win32_1.0.200.202301161003/tools/bin/../lib/gcc/arm-none-eabi/10.3.1/thumb/v7-m/nofp/crtn.o
 *(.fini)
 .fini          0x0000000008004b34        0x4 c:/st/stm32cubeide_1.12.1/stm32cubeide/plugins/com.st.stm32cube.ide.mcu.externaltools.gnu-tools-for-stm32.10.3-2021.10.win32_1.0.200.202301161003/tools/bin/../lib/gcc/arm-none-eabi/10.3.1/thumb/v7-m/nofp/crti.o
                0x0000000008004b34                _fini
 .fini          0x0000000008004b38        0x8 c:/st/stm32cubeide_1.12.1/stm32cubeide/plugins/com.st.stm32cube.ide.mcu.externaltools.gnu-tools-for-stm32.10.3-2021.10.win32_1.0.200.202301161003/tools/bin/../lib/gcc/arm-none-eabi/10.3.1/thumb/v7-m/nofp/crtn.o
                0x0000000008004b40                . = ALIGN (0x4)
                0x0000000008004b40                _etext = .

.vfp11_veneer   0x0000000008004b40        0x0
 .vfp11_veneer  0x0000000008004b40        0x0 linker stubs

.v4_bx          0x0000000008004b40        0x0
 .v4_bx         0x0000000008004b40        0x0 linker stubs

.iplt           0x0000000008004b40        0x0
 .iplt          0x0000000008004b40        0x0 c:/st/stm32cubeide_1.12.1/stm32cubeide/plugins/com.st.stm32cube.ide.mcu.externaltools.gnu-tools-for-stm32.10.3-2021.10.win32_1.0.200.202301161003/tools/bin/../lib/gcc/arm-none-eabi/10.3.1/thumb/v7-m/nofp/crtbegin.o

.rodata         0x0000000008004b40       0xe4
                0x0000000008004b40                . = ALIGN (0x4)
 *(.rodata)
 .rodata        0x0000000008004b40       0x10 ./Core/Src/liquidcrystal_i2c.o
 .rodata        0x0000000008004b50       0x47 ./Core/Src/main.o
 *fill*         0x0000000008004b97        0x1 
 .rodata        0x0000000008004b98       0x10 ./Drivers/STM32F1xx_HAL_Driver/Src/stm32f1xx_hal_rcc.o
 .rodata        0x0000000008004ba8        0x5 ./Middlewares/Third_Party/FreeRTOS/Source/tasks.o
 *fill*         0x0000000008004bad        0x3 
 .rodata        0x0000000008004bb0        0xd ./Middlewares/Third_Party/FreeRTOS/Source/timers.o
 *(.rodata*)
 *fill*         0x0000000008004bbd        0x3 
 .rodata.defaultTask_attributes
                0x0000000008004bc0       0x24 ./Core/Src/main.o
                0x0000000008004bc0                defaultTask_attributes
 .rodata.AHBPrescTable
                0x0000000008004be4       0x10 ./Core/Src/system_stm32f1xx.o
                0x0000000008004be4                AHBPrescTable
 .rodata.APBPrescTable
                0x0000000008004bf4        0x8 ./Core/Src/system_stm32f1xx.o
                0x0000000008004bf4                APBPrescTable
 .rodata.__utoa.str1.1
                0x0000000008004bfc       0x25 c:/st/stm32cubeide_1.12.1/stm32cubeide/plugins/com.st.stm32cube.ide.mcu.externaltools.gnu-tools-for-stm32.10.3-2021.10.win32_1.0.200.202301161003/tools/bin/../lib/gcc/arm-none-eabi/10.3.1/../../../../arm-none-eabi/lib/thumb/v7-m/nofp\libc_nano.a(lib_a-utoa.o)
                0x0000000008004c24                . = ALIGN (0x4)
 *fill*         0x0000000008004c21        0x3 

.rel.dyn        0x0000000008004c24        0x0
 .rel.iplt      0x0000000008004c24        0x0 c:/st/stm32cubeide_1.12.1/stm32cubeide/plugins/com.st.stm32cube.ide.mcu.externaltools.gnu-tools-for-stm32.10.3-2021.10.win32_1.0.200.202301161003/tools/bin/../lib/gcc/arm-none-eabi/10.3.1/thumb/v7-m/nofp/crtbegin.o

.ARM.extab      0x0000000008004c24        0x0
                0x0000000008004c24                . = ALIGN (0x4)
 *(.ARM.extab* .gnu.linkonce.armextab.*)
                0x0000000008004c24                . = ALIGN (0x4)

.ARM            0x0000000008004c24        0x0
                0x0000000008004c24                . = ALIGN (0x4)
                0x0000000008004c24                __exidx_start = .
 *(.ARM.exidx*)
                0x0000000008004c24                __exidx_end = .
                0x0000000008004c24                . = ALIGN (0x4)

.preinit_array  0x0000000008004c24        0x0
                0x0000000008004c24                . = ALIGN (0x4)
                0x0000000008004c24                PROVIDE (__preinit_array_start = .)
 *(.preinit_array*)
                0x0000000008004c24                PROVIDE (__preinit_array_end = .)
                0x0000000008004c24                . = ALIGN (0x4)

.init_array     0x0000000008004c24        0x4
                0x0000000008004c24                . = ALIGN (0x4)
                0x0000000008004c24                PROVIDE (__init_array_start = .)
 *(SORT_BY_NAME(.init_array.*))
 *(.init_array*)
 .init_array    0x0000000008004c24        0x4 c:/st/stm32cubeide_1.12.1/stm32cubeide/plugins/com.st.stm32cube.ide.mcu.externaltools.gnu-tools-for-stm32.10.3-2021.10.win32_1.0.200.202301161003/tools/bin/../lib/gcc/arm-none-eabi/10.3.1/thumb/v7-m/nofp/crtbegin.o
                0x0000000008004c28                PROVIDE (__init_array_end = .)
                0x0000000008004c28                . = ALIGN (0x4)

.fini_array     0x0000000008004c28        0x4
                0x0000000008004c28                . = ALIGN (0x4)
                [!provide]                        PROVIDE (__fini_array_start = .)
 *(SORT_BY_NAME(.fini_array.*))
 *(.fini_array*)
 .fini_array    0x0000000008004c28        0x4 c:/st/stm32cubeide_1.12.1/stm32cubeide/plugins/com.st.stm32cube.ide.mcu.externaltools.gnu-tools-for-stm32.10.3-2021.10.win32_1.0.200.202301161003/tools/bin/../lib/gcc/arm-none-eabi/10.3.1/thumb/v7-m/nofp/crtbegin.o
                [!provide]                        PROVIDE (__fini_array_end = .)
                0x0000000008004c2c                . = ALIGN (0x4)
                0x0000000008004c2c                _sidata = LOADADDR (.data)

.data           0x0000000020000000       0x20 load address 0x0000000008004c2c
                0x0000000020000000                . = ALIGN (0x4)
                0x0000000020000000                _sdata = .
 *(.data)
 *(.data*)
 .data.special1
                0x0000000020000000        0x8 ./Core/Src/liquidcrystal_i2c.o
                0x0000000020000000                special1
 .data.special2
                0x0000000020000008        0x8 ./Core/Src/liquidcrystal_i2c.o
                0x0000000020000008                special2
 .data.SystemCoreClock
                0x0000000020000010        0x4 ./Core/Src/system_stm32f1xx.o
                0x0000000020000010                SystemCoreClock
 .data.uwTickPrio
                0x0000000020000014        0x4 ./Drivers/STM32F1xx_HAL_Driver/Src/stm32f1xx_hal.o
                0x0000000020000014                uwTickPrio
 .data.uwTickFreq
                0x0000000020000018        0x1 ./Drivers/STM32F1xx_HAL_Driver/Src/stm32f1xx_hal.o
                0x0000000020000018                uwTickFreq
 *fill*         0x0000000020000019        0x3 
 .data.uxCriticalNesting
                0x000000002000001c        0x4 ./Middlewares/Third_Party/FreeRTOS/Source/portable/GCC/ARM_CM3/port.o
 *(.RamFunc)
 *(.RamFunc*)
                0x0000000020000020                . = ALIGN (0x4)
                0x0000000020000020                _edata = .

.igot.plt       0x0000000020000020        0x0 load address 0x0000000008004c4c
 .igot.plt      0x0000000020000020        0x0 c:/st/stm32cubeide_1.12.1/stm32cubeide/plugins/com.st.stm32cube.ide.mcu.externaltools.gnu-tools-for-stm32.10.3-2021.10.win32_1.0.200.202301161003/tools/bin/../lib/gcc/arm-none-eabi/10.3.1/thumb/v7-m/nofp/crtbegin.o
                0x0000000020000020                . = ALIGN (0x4)

.bss            0x0000000020000020     0x19c8 load address 0x0000000008004c4c
                0x0000000020000020                _sbss = .
                0x0000000020000020                __bss_start__ = _sbss
 *(.bss)
 .bss           0x0000000020000020       0x1c c:/st/stm32cubeide_1.12.1/stm32cubeide/plugins/com.st.stm32cube.ide.mcu.externaltools.gnu-tools-for-stm32.10.3-2021.10.win32_1.0.200.202301161003/tools/bin/../lib/gcc/arm-none-eabi/10.3.1/thumb/v7-m/nofp/crtbegin.o
 *(.bss*)
 .bss.dpFunction
                0x000000002000003c        0x1 ./Core/Src/liquidcrystal_i2c.o
                0x000000002000003c                dpFunction
 .bss.dpControl
                0x000000002000003d        0x1 ./Core/Src/liquidcrystal_i2c.o
                0x000000002000003d                dpControl
 .bss.dpMode    0x000000002000003e        0x1 ./Core/Src/liquidcrystal_i2c.o
                0x000000002000003e                dpMode
 .bss.dpRows    0x000000002000003f        0x1 ./Core/Src/liquidcrystal_i2c.o
                0x000000002000003f                dpRows
 .bss.dpBacklight
                0x0000000020000040        0x1 ./Core/Src/liquidcrystal_i2c.o
                0x0000000020000040                dpBacklight
 *fill*         0x0000000020000041        0x3 
 .bss.hi2c1     0x0000000020000044       0x54 ./Core/Src/main.o
                0x0000000020000044                hi2c1
 .bss.defaultTaskHandle
                0x0000000020000098        0x4 ./Core/Src/main.o
                0x0000000020000098                defaultTaskHandle
 .bss.uwTick    0x000000002000009c        0x4 ./Drivers/STM32F1xx_HAL_Driver/Src/stm32f1xx_hal.o
                0x000000002000009c                uwTick
 .bss.KernelState
                0x00000000200000a0        0x4 ./Middlewares/Third_Party/FreeRTOS/Source/CMSIS_RTOS_V2/cmsis_os2.o
 .bss.Idle_TCB  0x00000000200000a4       0x5c ./Middlewares/Third_Party/FreeRTOS/Source/CMSIS_RTOS_V2/cmsis_os2.o
 .bss.Idle_Stack
                0x0000000020000100      0x200 ./Middlewares/Third_Party/FreeRTOS/Source/CMSIS_RTOS_V2/cmsis_os2.o
 .bss.Timer_TCB
                0x0000000020000300       0x5c ./Middlewares/Third_Party/FreeRTOS/Source/CMSIS_RTOS_V2/cmsis_os2.o
 .bss.Timer_Stack
                0x000000002000035c      0x400 ./Middlewares/Third_Party/FreeRTOS/Source/CMSIS_RTOS_V2/cmsis_os2.o
 .bss.xQueueRegistry
                0x000000002000075c       0x40 ./Middlewares/Third_Party/FreeRTOS/Source/queue.o
                0x000000002000075c                xQueueRegistry
 .bss.pxCurrentTCB
                0x000000002000079c        0x4 ./Middlewares/Third_Party/FreeRTOS/Source/tasks.o
                0x000000002000079c                pxCurrentTCB
 .bss.pxReadyTasksLists
                0x00000000200007a0      0x460 ./Middlewares/Third_Party/FreeRTOS/Source/tasks.o
 .bss.xDelayedTaskList1
                0x0000000020000c00       0x14 ./Middlewares/Third_Party/FreeRTOS/Source/tasks.o
 .bss.xDelayedTaskList2
                0x0000000020000c14       0x14 ./Middlewares/Third_Party/FreeRTOS/Source/tasks.o
 .bss.pxDelayedTaskList
                0x0000000020000c28        0x4 ./Middlewares/Third_Party/FreeRTOS/Source/tasks.o
 .bss.pxOverflowDelayedTaskList
                0x0000000020000c2c        0x4 ./Middlewares/Third_Party/FreeRTOS/Source/tasks.o
 .bss.xPendingReadyList
                0x0000000020000c30       0x14 ./Middlewares/Third_Party/FreeRTOS/Source/tasks.o
 .bss.xTasksWaitingTermination
                0x0000000020000c44       0x14 ./Middlewares/Third_Party/FreeRTOS/Source/tasks.o
 .bss.uxDeletedTasksWaitingCleanUp
                0x0000000020000c58        0x4 ./Middlewares/Third_Party/FreeRTOS/Source/tasks.o
 .bss.xSuspendedTaskList
                0x0000000020000c5c       0x14 ./Middlewares/Third_Party/FreeRTOS/Source/tasks.o
 .bss.uxCurrentNumberOfTasks
                0x0000000020000c70        0x4 ./Middlewares/Third_Party/FreeRTOS/Source/tasks.o
 .bss.xTickCount
                0x0000000020000c74        0x4 ./Middlewares/Third_Party/FreeRTOS/Source/tasks.o
 .bss.uxTopReadyPriority
                0x0000000020000c78        0x4 ./Middlewares/Third_Party/FreeRTOS/Source/tasks.o
 .bss.xSchedulerRunning
                0x0000000020000c7c        0x4 ./Middlewares/Third_Party/FreeRTOS/Source/tasks.o
 .bss.uxPendedTicks
                0x0000000020000c80        0x4 ./Middlewares/Third_Party/FreeRTOS/Source/tasks.o
 .bss.xYieldPending
                0x0000000020000c84        0x4 ./Middlewares/Third_Party/FreeRTOS/Source/tasks.o
 .bss.xNumOfOverflows
                0x0000000020000c88        0x4 ./Middlewares/Third_Party/FreeRTOS/Source/tasks.o
 .bss.uxTaskNumber
                0x0000000020000c8c        0x4 ./Middlewares/Third_Party/FreeRTOS/Source/tasks.o
 .bss.xNextTaskUnblockTime
                0x0000000020000c90        0x4 ./Middlewares/Third_Party/FreeRTOS/Source/tasks.o
 .bss.xIdleTaskHandle
                0x0000000020000c94        0x4 ./Middlewares/Third_Party/FreeRTOS/Source/tasks.o
 .bss.uxSchedulerSuspended
                0x0000000020000c98        0x4 ./Middlewares/Third_Party/FreeRTOS/Source/tasks.o
 .bss.xActiveTimerList1
                0x0000000020000c9c       0x14 ./Middlewares/Third_Party/FreeRTOS/Source/timers.o
 .bss.xActiveTimerList2
                0x0000000020000cb0       0x14 ./Middlewares/Third_Party/FreeRTOS/Source/timers.o
 .bss.pxCurrentTimerList
                0x0000000020000cc4        0x4 ./Middlewares/Third_Party/FreeRTOS/Source/timers.o
 .bss.pxOverflowTimerList
                0x0000000020000cc8        0x4 ./Middlewares/Third_Party/FreeRTOS/Source/timers.o
 .bss.xTimerQueue
                0x0000000020000ccc        0x4 ./Middlewares/Third_Party/FreeRTOS/Source/timers.o
 .bss.xTimerTaskHandle
                0x0000000020000cd0        0x4 ./Middlewares/Third_Party/FreeRTOS/Source/timers.o
 .bss.xLastTime.2
                0x0000000020000cd4        0x4 ./Middlewares/Third_Party/FreeRTOS/Source/timers.o
 .bss.ucStaticTimerQueueStorage.1
                0x0000000020000cd8       0xa0 ./Middlewares/Third_Party/FreeRTOS/Source/timers.o
 .bss.xStaticTimerQueue.0
                0x0000000020000d78       0x50 ./Middlewares/Third_Party/FreeRTOS/Source/timers.o
 .bss.ucMaxSysCallPriority
                0x0000000020000dc8        0x1 ./Middlewares/Third_Party/FreeRTOS/Source/portable/GCC/ARM_CM3/port.o
 *fill*         0x0000000020000dc9        0x3 
 .bss.ulMaxPRIGROUPValue
                0x0000000020000dcc        0x4 ./Middlewares/Third_Party/FreeRTOS/Source/portable/GCC/ARM_CM3/port.o
 .bss.ucHeap    0x0000000020000dd0      0xc00 ./Middlewares/Third_Party/FreeRTOS/Source/portable/MemMang/heap_4.o
 .bss.xStart    0x00000000200019d0        0x8 ./Middlewares/Third_Party/FreeRTOS/Source/portable/MemMang/heap_4.o
 .bss.pxEnd     0x00000000200019d8        0x4 ./Middlewares/Third_Party/FreeRTOS/Source/portable/MemMang/heap_4.o
 .bss.xFreeBytesRemaining
                0x00000000200019dc        0x4 ./Middlewares/Third_Party/FreeRTOS/Source/portable/MemMang/heap_4.o
 .bss.xMinimumEverFreeBytesRemaining
                0x00000000200019e0        0x4 ./Middlewares/Third_Party/FreeRTOS/Source/portable/MemMang/heap_4.o
 .bss.xBlockAllocatedBit
                0x00000000200019e4        0x4 ./Middlewares/Third_Party/FreeRTOS/Source/portable/MemMang/heap_4.o
 *(COMMON)
                0x00000000200019e8                . = ALIGN (0x4)
                0x00000000200019e8                _ebss = .
                0x00000000200019e8                __bss_end__ = _ebss

._user_heap_stack
                0x00000000200019e8      0x600 load address 0x0000000008004c4c
                0x00000000200019e8                . = ALIGN (0x8)
                [!provide]                        PROVIDE (end = .)
                0x00000000200019e8                PROVIDE (_end = .)
                0x0000000020001be8                . = (. + _Min_Heap_Size)
 *fill*         0x00000000200019e8      0x200 
                0x0000000020001fe8                . = (. + _Min_Stack_Size)
 *fill*         0x0000000020001be8      0x400 
                0x0000000020001fe8                . = ALIGN (0x8)

/DISCARD/
 libc.a(*)
 libm.a(*)
 libgcc.a(*)

.ARM.attributes
                0x0000000000000000       0x29
 *(.ARM.attributes)
 .ARM.attributes
                0x0000000000000000       0x1d c:/st/stm32cubeide_1.12.1/stm32cubeide/plugins/com.st.stm32cube.ide.mcu.externaltools.gnu-tools-for-stm32.10.3-2021.10.win32_1.0.200.202301161003/tools/bin/../lib/gcc/arm-none-eabi/10.3.1/thumb/v7-m/nofp/crti.o
 .ARM.attributes
                0x000000000000001d       0x2d c:/st/stm32cubeide_1.12.1/stm32cubeide/plugins/com.st.stm32cube.ide.mcu.externaltools.gnu-tools-for-stm32.10.3-2021.10.win32_1.0.200.202301161003/tools/bin/../lib/gcc/arm-none-eabi/10.3.1/thumb/v7-m/nofp/crtbegin.o
 .ARM.attributes
                0x000000000000004a       0x2d ./Core/Src/liquidcrystal_i2c.o
 .ARM.attributes
                0x0000000000000077       0x2d ./Core/Src/main.o
 .ARM.attributes
                0x00000000000000a4       0x2d ./Core/Src/stm32f1xx_hal_msp.o
 .ARM.attributes
                0x00000000000000d1       0x2d ./Core/Src/stm32f1xx_it.o
 .ARM.attributes
                0x00000000000000fe       0x2d ./Core/Src/system_stm32f1xx.o
 .ARM.attributes
                0x000000000000012b       0x21 ./Core/Startup/startup_stm32f103c8tx.o
 .ARM.attributes
                0x000000000000014c       0x2d ./Drivers/STM32F1xx_HAL_Driver/Src/stm32f1xx_hal.o
 .ARM.attributes
                0x0000000000000179       0x2d ./Drivers/STM32F1xx_HAL_Driver/Src/stm32f1xx_hal_cortex.o
 .ARM.attributes
                0x00000000000001a6       0x2d ./Drivers/STM32F1xx_HAL_Driver/Src/stm32f1xx_hal_gpio.o
 .ARM.attributes
                0x00000000000001d3       0x2d ./Drivers/STM32F1xx_HAL_Driver/Src/stm32f1xx_hal_i2c.o
 .ARM.attributes
                0x0000000000000200       0x2d ./Drivers/STM32F1xx_HAL_Driver/Src/stm32f1xx_hal_rcc.o
 .ARM.attributes
                0x000000000000022d       0x2d ./Middlewares/Third_Party/FreeRTOS/Source/CMSIS_RTOS_V2/cmsis_os2.o
 .ARM.attributes
                0x000000000000025a       0x2d ./Middlewares/Third_Party/FreeRTOS/Source/list.o
 .ARM.attributes
                0x0000000000000287       0x2d ./Middlewares/Third_Party/FreeRTOS/Source/queue.o
 .ARM.attributes
                0x00000000000002b4       0x2d ./Middlewares/Third_Party/FreeRTOS/Source/tasks.o
 .ARM.attributes
                0x00000000000002e1       0x2d ./Middlewares/Third_Party/FreeRTOS/Source/timers.o
 .ARM.attributes
                0x000000000000030e       0x2d ./Middlewares/Third_Party/FreeRTOS/Source/portable/GCC/ARM_CM3/port.o
 .ARM.attributes
                0x000000000000033b       0x2d ./Middlewares/Third_Party/FreeRTOS/Source/portable/MemMang/heap_4.o
 .ARM.attributes
                0x0000000000000368       0x2d c:/st/stm32cubeide_1.12.1/stm32cubeide/plugins/com.st.stm32cube.ide.mcu.externaltools.gnu-tools-for-stm32.10.3-2021.10.win32_1.0.200.202301161003/tools/bin/../lib/gcc/arm-none-eabi/10.3.1/../../../../arm-none-eabi/lib/thumb/v7-m/nofp\libc_nano.a(lib_a-init.o)
 .ARM.attributes
                0x0000000000000395       0x2d c:/st/stm32cubeide_1.12.1/stm32cubeide/plugins/com.st.stm32cube.ide.mcu.externaltools.gnu-tools-for-stm32.10.3-2021.10.win32_1.0.200.202301161003/tools/bin/../lib/gcc/arm-none-eabi/10.3.1/../../../../arm-none-eabi/lib/thumb/v7-m/nofp\libc_nano.a(lib_a-itoa.o)
 .ARM.attributes
                0x00000000000003c2       0x2d c:/st/stm32cubeide_1.12.1/stm32cubeide/plugins/com.st.stm32cube.ide.mcu.externaltools.gnu-tools-for-stm32.10.3-2021.10.win32_1.0.200.202301161003/tools/bin/../lib/gcc/arm-none-eabi/10.3.1/../../../../arm-none-eabi/lib/thumb/v7-m/nofp\libc_nano.a(lib_a-memcpy-stub.o)
 .ARM.attributes
                0x00000000000003ef       0x2d c:/st/stm32cubeide_1.12.1/stm32cubeide/plugins/com.st.stm32cube.ide.mcu.externaltools.gnu-tools-for-stm32.10.3-2021.10.win32_1.0.200.202301161003/tools/bin/../lib/gcc/arm-none-eabi/10.3.1/../../../../arm-none-eabi/lib/thumb/v7-m/nofp\libc_nano.a(lib_a-memset.o)
 .ARM.attributes
                0x000000000000041c       0x2d c:/st/stm32cubeide_1.12.1/stm32cubeide/plugins/com.st.stm32cube.ide.mcu.externaltools.gnu-tools-for-stm32.10.3-2021.10.win32_1.0.200.202301161003/tools/bin/../lib/gcc/arm-none-eabi/10.3.1/../../../../arm-none-eabi/lib/thumb/v7-m/nofp\libc_nano.a(lib_a-utoa.o)
 .ARM.attributes
                0x0000000000000449       0x1d c:/st/stm32cubeide_1.12.1/stm32cubeide/plugins/com.st.stm32cube.ide.mcu.externaltools.gnu-tools-for-stm32.10.3-2021.10.win32_1.0.200.202301161003/tools/bin/../lib/gcc/arm-none-eabi/10.3.1/thumb/v7-m/nofp/crtn.o
OUTPUT(pon.elf elf32-littlearm)
LOAD linker stubs
LOAD c:/st/stm32cubeide_1.12.1/stm32cubeide/plugins/com.st.stm32cube.ide.mcu.externaltools.gnu-tools-for-stm32.10.3-2021.10.win32_1.0.200.202301161003/tools/bin/../lib/gcc/arm-none-eabi/10.3.1/../../../../arm-none-eabi/lib/thumb/v7-m/nofp\libc.a
LOAD c:/st/stm32cubeide_1.12.1/stm32cubeide/plugins/com.st.stm32cube.ide.mcu.externaltools.gnu-tools-for-stm32.10.3-2021.10.win32_1.0.200.202301161003/tools/bin/../lib/gcc/arm-none-eabi/10.3.1/../../../../arm-none-eabi/lib/thumb/v7-m/nofp\libm.a
LOAD c:/st/stm32cubeide_1.12.1/stm32cubeide/plugins/com.st.stm32cube.ide.mcu.externaltools.gnu-tools-for-stm32.10.3-2021.10.win32_1.0.200.202301161003/tools/bin/../lib/gcc/arm-none-eabi/10.3.1/thumb/v7-m/nofp\libgcc.a

.debug_info     0x0000000000000000    0x10a6d
 .debug_info    0x0000000000000000      0xca8 ./Core/Src/liquidcrystal_i2c.o
 .debug_info    0x0000000000000ca8      0xdec ./Core/Src/main.o
 .debug_info    0x0000000000001a94      0xa26 ./Core/Src/stm32f1xx_hal_msp.o
 .debug_info    0x00000000000024ba      0x126 ./Core/Src/stm32f1xx_it.o
 .debug_info    0x00000000000025e0      0x23d ./Core/Src/system_stm32f1xx.o
 .debug_info    0x000000000000281d       0x22 ./Core/Startup/startup_stm32f103c8tx.o
 .debug_info    0x000000000000283f      0x734 ./Drivers/STM32F1xx_HAL_Driver/Src/stm32f1xx_hal.o
 .debug_info    0x0000000000002f73      0xb20 ./Drivers/STM32F1xx_HAL_Driver/Src/stm32f1xx_hal_cortex.o
 .debug_info    0x0000000000003a93      0x615 ./Drivers/STM32F1xx_HAL_Driver/Src/stm32f1xx_hal_gpio.o
 .debug_info    0x00000000000040a8     0x2734 ./Drivers/STM32F1xx_HAL_Driver/Src/stm32f1xx_hal_i2c.o
 .debug_info    0x00000000000067dc      0x860 ./Drivers/STM32F1xx_HAL_Driver/Src/stm32f1xx_hal_rcc.o
 .debug_info    0x000000000000703c     0x3bef ./Middlewares/Third_Party/FreeRTOS/Source/CMSIS_RTOS_V2/cmsis_os2.o
 .debug_info    0x000000000000ac2b      0x2cb ./Middlewares/Third_Party/FreeRTOS/Source/list.o
 .debug_info    0x000000000000aef6     0x1bf9 ./Middlewares/Third_Party/FreeRTOS/Source/queue.o
 .debug_info    0x000000000000caef     0x224a ./Middlewares/Third_Party/FreeRTOS/Source/tasks.o
 .debug_info    0x000000000000ed39     0x1495 ./Middlewares/Third_Party/FreeRTOS/Source/timers.o
 .debug_info    0x00000000000101ce      0x4b7 ./Middlewares/Third_Party/FreeRTOS/Source/portable/GCC/ARM_CM3/port.o
 .debug_info    0x0000000000010685      0x3e8 ./Middlewares/Third_Party/FreeRTOS/Source/portable/MemMang/heap_4.o

.debug_abbrev   0x0000000000000000     0x28de
 .debug_abbrev  0x0000000000000000      0x2ba ./Core/Src/liquidcrystal_i2c.o
 .debug_abbrev  0x00000000000002ba      0x2d7 ./Core/Src/main.o
 .debug_abbrev  0x0000000000000591      0x1b2 ./Core/Src/stm32f1xx_hal_msp.o
 .debug_abbrev  0x0000000000000743       0xab ./Core/Src/stm32f1xx_it.o
 .debug_abbrev  0x00000000000007ee      0x13b ./Core/Src/system_stm32f1xx.o
 .debug_abbrev  0x0000000000000929       0x12 ./Core/Startup/startup_stm32f103c8tx.o
 .debug_abbrev  0x000000000000093b      0x1fb ./Drivers/STM32F1xx_HAL_Driver/Src/stm32f1xx_hal.o
 .debug_abbrev  0x0000000000000b36      0x2ed ./Drivers/STM32F1xx_HAL_Driver/Src/stm32f1xx_hal_cortex.o
 .debug_abbrev  0x0000000000000e23      0x1bb ./Drivers/STM32F1xx_HAL_Driver/Src/stm32f1xx_hal_gpio.o
 .debug_abbrev  0x0000000000000fde      0x288 ./Drivers/STM32F1xx_HAL_Driver/Src/stm32f1xx_hal_i2c.o
 .debug_abbrev  0x0000000000001266      0x2a8 ./Drivers/STM32F1xx_HAL_Driver/Src/stm32f1xx_hal_rcc.o
 .debug_abbrev  0x000000000000150e      0x414 ./Middlewares/Third_Party/FreeRTOS/Source/CMSIS_RTOS_V2/cmsis_os2.o
 .debug_abbrev  0x0000000000001922       0xf2 ./Middlewares/Third_Party/FreeRTOS/Source/list.o
 .debug_abbrev  0x0000000000001a14      0x3ba ./Middlewares/Third_Party/FreeRTOS/Source/queue.o
 .debug_abbrev  0x0000000000001dce      0x37d ./Middlewares/Third_Party/FreeRTOS/Source/tasks.o
 .debug_abbrev  0x000000000000214b      0x33d ./Middlewares/Third_Party/FreeRTOS/Source/timers.o
 .debug_abbrev  0x0000000000002488      0x257 ./Middlewares/Third_Party/FreeRTOS/Source/portable/GCC/ARM_CM3/port.o
 .debug_abbrev  0x00000000000026df      0x1ff ./Middlewares/Third_Party/FreeRTOS/Source/portable/MemMang/heap_4.o

.debug_aranges  0x0000000000000000      0xef0
 .debug_aranges
                0x0000000000000000      0x110 ./Core/Src/liquidcrystal_i2c.o
 .debug_aranges
                0x0000000000000110       0x48 ./Core/Src/main.o
 .debug_aranges
                0x0000000000000158       0x30 ./Core/Src/stm32f1xx_hal_msp.o
 .debug_aranges
                0x0000000000000188       0x50 ./Core/Src/stm32f1xx_it.o
 .debug_aranges
                0x00000000000001d8       0x28 ./Core/Src/system_stm32f1xx.o
 .debug_aranges
                0x0000000000000200       0x28 ./Core/Startup/startup_stm32f103c8tx.o
 .debug_aranges
                0x0000000000000228       0xe0 ./Drivers/STM32F1xx_HAL_Driver/Src/stm32f1xx_hal.o
 .debug_aranges
                0x0000000000000308      0x100 ./Drivers/STM32F1xx_HAL_Driver/Src/stm32f1xx_hal_cortex.o
 .debug_aranges
                0x0000000000000408       0x58 ./Drivers/STM32F1xx_HAL_Driver/Src/stm32f1xx_hal_gpio.o
 .debug_aranges
                0x0000000000000460      0x2a0 ./Drivers/STM32F1xx_HAL_Driver/Src/stm32f1xx_hal_i2c.o
 .debug_aranges
                0x0000000000000700       0x90 ./Drivers/STM32F1xx_HAL_Driver/Src/stm32f1xx_hal_rcc.o
 .debug_aranges
                0x0000000000000790      0x228 ./Middlewares/Third_Party/FreeRTOS/Source/CMSIS_RTOS_V2/cmsis_os2.o
 .debug_aranges
                0x00000000000009b8       0x40 ./Middlewares/Third_Party/FreeRTOS/Source/list.o
 .debug_aranges
                0x00000000000009f8      0x158 ./Middlewares/Third_Party/FreeRTOS/Source/queue.o
 .debug_aranges
                0x0000000000000b50      0x1f8 ./Middlewares/Third_Party/FreeRTOS/Source/tasks.o
 .debug_aranges
                0x0000000000000d48       0xe0 ./Middlewares/Third_Party/FreeRTOS/Source/timers.o
 .debug_aranges
                0x0000000000000e28       0x78 ./Middlewares/Third_Party/FreeRTOS/Source/portable/GCC/ARM_CM3/port.o
 .debug_aranges
                0x0000000000000ea0       0x50 ./Middlewares/Third_Party/FreeRTOS/Source/portable/MemMang/heap_4.o

.debug_ranges   0x0000000000000000      0xe00
 .debug_ranges  0x0000000000000000      0x100 ./Core/Src/liquidcrystal_i2c.o
 .debug_ranges  0x0000000000000100       0x38 ./Core/Src/main.o
 .debug_ranges  0x0000000000000138       0x20 ./Core/Src/stm32f1xx_hal_msp.o
 .debug_ranges  0x0000000000000158       0x40 ./Core/Src/stm32f1xx_it.o
 .debug_ranges  0x0000000000000198       0x18 ./Core/Src/system_stm32f1xx.o
 .debug_ranges  0x00000000000001b0       0x20 ./Core/Startup/startup_stm32f103c8tx.o
 .debug_ranges  0x00000000000001d0       0xd0 ./Drivers/STM32F1xx_HAL_Driver/Src/stm32f1xx_hal.o
 .debug_ranges  0x00000000000002a0       0xf0 ./Drivers/STM32F1xx_HAL_Driver/Src/stm32f1xx_hal_cortex.o
 .debug_ranges  0x0000000000000390       0x48 ./Drivers/STM32F1xx_HAL_Driver/Src/stm32f1xx_hal_gpio.o
 .debug_ranges  0x00000000000003d8      0x2b8 ./Drivers/STM32F1xx_HAL_Driver/Src/stm32f1xx_hal_i2c.o
 .debug_ranges  0x0000000000000690       0x80 ./Drivers/STM32F1xx_HAL_Driver/Src/stm32f1xx_hal_rcc.o
 .debug_ranges  0x0000000000000710      0x218 ./Middlewares/Third_Party/FreeRTOS/Source/CMSIS_RTOS_V2/cmsis_os2.o
 .debug_ranges  0x0000000000000928       0x30 ./Middlewares/Third_Party/FreeRTOS/Source/list.o
 .debug_ranges  0x0000000000000958      0x148 ./Middlewares/Third_Party/FreeRTOS/Source/queue.o
 .debug_ranges  0x0000000000000aa0      0x1e8 ./Middlewares/Third_Party/FreeRTOS/Source/tasks.o
 .debug_ranges  0x0000000000000c88       0xd0 ./Middlewares/Third_Party/FreeRTOS/Source/timers.o
 .debug_ranges  0x0000000000000d58       0x68 ./Middlewares/Third_Party/FreeRTOS/Source/portable/GCC/ARM_CM3/port.o
 .debug_ranges  0x0000000000000dc0       0x40 ./Middlewares/Third_Party/FreeRTOS/Source/portable/MemMang/heap_4.o

.debug_macro    0x0000000000000000     0x3265
 .debug_macro   0x0000000000000000      0x19d ./Core/Src/liquidcrystal_i2c.o
 .debug_macro   0x000000000000019d       0xd0 ./Core/Src/liquidcrystal_i2c.o
 .debug_macro   0x000000000000026d      0x3a9 ./Core/Src/main.o
 .debug_macro   0x0000000000000616       0x5b ./Core/Src/main.o
 .debug_macro   0x0000000000000671       0x74 ./Core/Src/main.o
 .debug_macro   0x00000000000006e5      0x11c ./Core/Src/main.o
 .debug_macro   0x0000000000000801       0xdd ./Core/Src/main.o
 .debug_macro   0x00000000000008de       0x52 ./Core/Src/main.o
 .debug_macro   0x0000000000000930       0x18 ./Core/Src/main.o
 .debug_macro   0x0000000000000948       0x3c ./Core/Src/main.o
 .debug_macro   0x0000000000000984       0x34 ./Core/Src/main.o
 .debug_macro   0x00000000000009b8       0x16 ./Core/Src/main.o
 .debug_macro   0x00000000000009ce       0x35 ./Core/Src/main.o
 .debug_macro   0x0000000000000a03      0x341 ./Core/Src/main.o
 .debug_macro   0x0000000000000d44       0x10 ./Core/Src/main.o
 .debug_macro   0x0000000000000d54       0x16 ./Core/Src/main.o
 .debug_macro   0x0000000000000d6a       0x43 ./Core/Src/main.o
 .debug_macro   0x0000000000000dad       0x34 ./Core/Src/main.o
 .debug_macro   0x0000000000000de1       0x10 ./Core/Src/main.o
 .debug_macro   0x0000000000000df1       0x58 ./Core/Src/main.o
 .debug_macro   0x0000000000000e49       0x71 ./Core/Src/main.o
 .debug_macro   0x0000000000000eba       0x1c ./Core/Src/main.o
 .debug_macro   0x0000000000000ed6      0x12a ./Core/Src/main.o
 .debug_macro   0x0000000000001000       0x10 ./Core/Src/main.o
 .debug_macro   0x0000000000001010       0x1c ./Core/Src/main.o
 .debug_macro   0x000000000000102c       0x52 ./Core/Src/main.o
 .debug_macro   0x000000000000107e       0x22 ./Core/Src/main.o
 .debug_macro   0x00000000000010a0       0x10 ./Core/Src/main.o
 .debug_macro   0x00000000000010b0       0x52 ./Core/Src/main.o
 .debug_macro   0x0000000000001102       0xd5 ./Core/Src/main.o
 .debug_macro   0x00000000000011d7       0x1c ./Core/Src/main.o
 .debug_macro   0x00000000000011f3       0x3d ./Core/Src/main.o
 .debug_macro   0x0000000000001230       0x16 ./Core/Src/main.o
 .debug_macro   0x0000000000001246      0x145 ./Core/Src/main.o
 .debug_macro   0x000000000000138b       0x16 ./Core/Src/main.o
 .debug_macro   0x00000000000013a1       0x20 ./Core/Src/main.o
 .debug_macro   0x00000000000013c1       0xd6 ./Core/Src/main.o
 .debug_macro   0x0000000000001497      0x198 ./Core/Src/stm32f1xx_hal_msp.o
 .debug_macro   0x000000000000162f      0x20a ./Core/Src/stm32f1xx_it.o
 .debug_macro   0x0000000000001839      0x18e ./Core/Src/system_stm32f1xx.o
 .debug_macro   0x00000000000019c7      0x1b2 ./Drivers/STM32F1xx_HAL_Driver/Src/stm32f1xx_hal.o
 .debug_macro   0x0000000000001b79      0x18e ./Drivers/STM32F1xx_HAL_Driver/Src/stm32f1xx_hal_cortex.o
 .debug_macro   0x0000000000001d07      0x1f9 ./Drivers/STM32F1xx_HAL_Driver/Src/stm32f1xx_hal_gpio.o
 .debug_macro   0x0000000000001f00      0x1d5 ./Drivers/STM32F1xx_HAL_Driver/Src/stm32f1xx_hal_i2c.o
 .debug_macro   0x00000000000020d5      0x1a0 ./Drivers/STM32F1xx_HAL_Driver/Src/stm32f1xx_hal_rcc.o
 .debug_macro   0x0000000000002275      0x247 ./Middlewares/Third_Party/FreeRTOS/Source/CMSIS_RTOS_V2/cmsis_os2.o
 .debug_macro   0x00000000000024bc       0x10 ./Middlewares/Third_Party/FreeRTOS/Source/CMSIS_RTOS_V2/cmsis_os2.o
 .debug_macro   0x00000000000024cc       0x10 ./Middlewares/Third_Party/FreeRTOS/Source/CMSIS_RTOS_V2/cmsis_os2.o
 .debug_macro   0x00000000000024dc       0xb7 ./Middlewares/Third_Party/FreeRTOS/Source/CMSIS_RTOS_V2/cmsis_os2.o
 .debug_macro   0x0000000000002593       0x91 ./Middlewares/Third_Party/FreeRTOS/Source/CMSIS_RTOS_V2/cmsis_os2.o
 .debug_macro   0x0000000000002624       0x8d ./Middlewares/Third_Party/FreeRTOS/Source/CMSIS_RTOS_V2/cmsis_os2.o
 .debug_macro   0x00000000000026b1       0x9a ./Middlewares/Third_Party/FreeRTOS/Source/CMSIS_RTOS_V2/cmsis_os2.o
 .debug_macro   0x000000000000274b      0x187 ./Middlewares/Third_Party/FreeRTOS/Source/list.o
 .debug_macro   0x00000000000028d2      0x212 ./Middlewares/Third_Party/FreeRTOS/Source/queue.o
 .debug_macro   0x0000000000002ae4      0x287 ./Middlewares/Third_Party/FreeRTOS/Source/tasks.o
 .debug_macro   0x0000000000002d6b       0x10 ./Middlewares/Third_Party/FreeRTOS/Source/tasks.o
 .debug_macro   0x0000000000002d7b      0x1ca ./Middlewares/Third_Party/FreeRTOS/Source/timers.o
 .debug_macro   0x0000000000002f45      0x172 ./Middlewares/Third_Party/FreeRTOS/Source/portable/GCC/ARM_CM3/port.o
 .debug_macro   0x00000000000030b7      0x1ae ./Middlewares/Third_Party/FreeRTOS/Source/portable/MemMang/heap_4.o

.debug_line     0x0000000000000000    0x10b3d
 .debug_line    0x0000000000000000      0xa34 ./Core/Src/liquidcrystal_i2c.o
 .debug_line    0x0000000000000a34      0xb0b ./Core/Src/main.o
 .debug_line    0x000000000000153f      0x693 ./Core/Src/stm32f1xx_hal_msp.o
 .debug_line    0x0000000000001bd2      0x7ef ./Core/Src/stm32f1xx_it.o
 .debug_line    0x00000000000023c1      0x6c6 ./Core/Src/system_stm32f1xx.o
 .debug_line    0x0000000000002a87       0x87 ./Core/Startup/startup_stm32f103c8tx.o
 .debug_line    0x0000000000002b0e      0x8f3 ./Drivers/STM32F1xx_HAL_Driver/Src/stm32f1xx_hal.o
 .debug_line    0x0000000000003401      0xadb ./Drivers/STM32F1xx_HAL_Driver/Src/stm32f1xx_hal_cortex.o
 .debug_line    0x0000000000003edc      0x98a ./Drivers/STM32F1xx_HAL_Driver/Src/stm32f1xx_hal_gpio.o
 .debug_line    0x0000000000004866     0x39dd ./Drivers/STM32F1xx_HAL_Driver/Src/stm32f1xx_hal_i2c.o
 .debug_line    0x0000000000008243      0xd01 ./Drivers/STM32F1xx_HAL_Driver/Src/stm32f1xx_hal_rcc.o
 .debug_line    0x0000000000008f44     0x2456 ./Middlewares/Third_Party/FreeRTOS/Source/CMSIS_RTOS_V2/cmsis_os2.o
 .debug_line    0x000000000000b39a      0x706 ./Middlewares/Third_Party/FreeRTOS/Source/list.o
 .debug_line    0x000000000000baa0     0x16c9 ./Middlewares/Third_Party/FreeRTOS/Source/queue.o
 .debug_line    0x000000000000d169     0x1d21 ./Middlewares/Third_Party/FreeRTOS/Source/tasks.o
 .debug_line    0x000000000000ee8a      0xc99 ./Middlewares/Third_Party/FreeRTOS/Source/timers.o
 .debug_line    0x000000000000fb23      0x752 ./Middlewares/Third_Party/FreeRTOS/Source/portable/GCC/ARM_CM3/port.o
 .debug_line    0x0000000000010275      0x8c8 ./Middlewares/Third_Party/FreeRTOS/Source/portable/MemMang/heap_4.o

.debug_str      0x0000000000000000    0x8c424
 .debug_str     0x0000000000000000    0x7ca4e ./Core/Src/liquidcrystal_i2c.o
                                      0x7ce2e (size before relaxing)
 .debug_str     0x000000000007ca4e     0x7bc6 ./Core/Src/main.o
                                      0x84748 (size before relaxing)
 .debug_str     0x0000000000084614      0x331 ./Core/Src/stm32f1xx_hal_msp.o
                                      0x7cb8e (size before relaxing)
 .debug_str     0x0000000000084945      0xe17 ./Core/Src/stm32f1xx_it.o
                                      0x7fc9b (size before relaxing)
 .debug_str     0x000000000008575c       0x6e ./Core/Src/system_stm32f1xx.o
                                      0x7c3c1 (size before relaxing)
 .debug_str     0x00000000000857ca       0x36 ./Core/Startup/startup_stm32f103c8tx.o
                                         0x70 (size before relaxing)
 .debug_str     0x0000000000085800      0x37f ./Drivers/STM32F1xx_HAL_Driver/Src/stm32f1xx_hal.o
                                      0x7caf4 (size before relaxing)
 .debug_str     0x0000000000085b7f      0x2a8 ./Drivers/STM32F1xx_HAL_Driver/Src/stm32f1xx_hal_cortex.o
                                      0x7ca40 (size before relaxing)
 .debug_str     0x0000000000085e27      0x322 ./Drivers/STM32F1xx_HAL_Driver/Src/stm32f1xx_hal_gpio.o
                                      0x7c747 (size before relaxing)
 .debug_str     0x0000000000086149      0xb62 ./Drivers/STM32F1xx_HAL_Driver/Src/stm32f1xx_hal_i2c.o
                                      0x7d435 (size before relaxing)
 .debug_str     0x0000000000086cab      0x209 ./Drivers/STM32F1xx_HAL_Driver/Src/stm32f1xx_hal_rcc.o
                                      0x7c7f0 (size before relaxing)
 .debug_str     0x0000000000086eb4     0x2c7d ./Middlewares/Third_Party/FreeRTOS/Source/CMSIS_RTOS_V2/cmsis_os2.o
                                       0xe11e (size before relaxing)
 .debug_str     0x0000000000089b31      0x21b ./Middlewares/Third_Party/FreeRTOS/Source/list.o
                                       0xa20b (size before relaxing)
 .debug_str     0x0000000000089d4c      0x86c ./Middlewares/Third_Party/FreeRTOS/Source/queue.o
                                       0xbc05 (size before relaxing)
 .debug_str     0x000000000008a5b8     0x10af ./Middlewares/Third_Party/FreeRTOS/Source/tasks.o
                                       0xc769 (size before relaxing)
 .debug_str     0x000000000008b667      0x515 ./Middlewares/Third_Party/FreeRTOS/Source/timers.o
                                       0xc0da (size before relaxing)
 .debug_str     0x000000000008bb7c      0x66e ./Middlewares/Third_Party/FreeRTOS/Source/portable/GCC/ARM_CM3/port.o
                                       0x7fac (size before relaxing)
 .debug_str     0x000000000008c1ea      0x23a ./Middlewares/Third_Party/FreeRTOS/Source/portable/MemMang/heap_4.o
                                       0xa958 (size before relaxing)

.comment        0x0000000000000000       0x50
 .comment       0x0000000000000000       0x50 ./Core/Src/liquidcrystal_i2c.o
                                         0x51 (size before relaxing)
 .comment       0x0000000000000050       0x51 ./Core/Src/main.o
 .comment       0x0000000000000050       0x51 ./Core/Src/stm32f1xx_hal_msp.o
 .comment       0x0000000000000050       0x51 ./Core/Src/stm32f1xx_it.o
 .comment       0x0000000000000050       0x51 ./Core/Src/system_stm32f1xx.o
 .comment       0x0000000000000050       0x51 ./Drivers/STM32F1xx_HAL_Driver/Src/stm32f1xx_hal.o
 .comment       0x0000000000000050       0x51 ./Drivers/STM32F1xx_HAL_Driver/Src/stm32f1xx_hal_cortex.o
 .comment       0x0000000000000050       0x51 ./Drivers/STM32F1xx_HAL_Driver/Src/stm32f1xx_hal_gpio.o
 .comment       0x0000000000000050       0x51 ./Drivers/STM32F1xx_HAL_Driver/Src/stm32f1xx_hal_i2c.o
 .comment       0x0000000000000050       0x51 ./Drivers/STM32F1xx_HAL_Driver/Src/stm32f1xx_hal_rcc.o
 .comment       0x0000000000000050       0x51 ./Middlewares/Third_Party/FreeRTOS/Source/CMSIS_RTOS_V2/cmsis_os2.o
 .comment       0x0000000000000050       0x51 ./Middlewares/Third_Party/FreeRTOS/Source/list.o
 .comment       0x0000000000000050       0x51 ./Middlewares/Third_Party/FreeRTOS/Source/queue.o
 .comment       0x0000000000000050       0x51 ./Middlewares/Third_Party/FreeRTOS/Source/tasks.o
 .comment       0x0000000000000050       0x51 ./Middlewares/Third_Party/FreeRTOS/Source/timers.o
 .comment       0x0000000000000050       0x51 ./Middlewares/Third_Party/FreeRTOS/Source/portable/GCC/ARM_CM3/port.o
 .comment       0x0000000000000050       0x51 ./Middlewares/Third_Party/FreeRTOS/Source/portable/MemMang/heap_4.o

.debug_frame    0x0000000000000000     0x3db0
 .debug_frame   0x0000000000000000      0x3f0 ./Core/Src/liquidcrystal_i2c.o
 .debug_frame   0x00000000000003f0       0xd4 ./Core/Src/main.o
 .debug_frame   0x00000000000004c4       0x7c ./Core/Src/stm32f1xx_hal_msp.o
 .debug_frame   0x0000000000000540       0xc4 ./Core/Src/stm32f1xx_it.o
 .debug_frame   0x0000000000000604       0x58 ./Core/Src/system_stm32f1xx.o
 .debug_frame   0x000000000000065c      0x334 ./Drivers/STM32F1xx_HAL_Driver/Src/stm32f1xx_hal.o
 .debug_frame   0x0000000000000990      0x428 ./Drivers/STM32F1xx_HAL_Driver/Src/stm32f1xx_hal_cortex.o
 .debug_frame   0x0000000000000db8      0x14c ./Drivers/STM32F1xx_HAL_Driver/Src/stm32f1xx_hal_gpio.o
 .debug_frame   0x0000000000000f04      0xc5c ./Drivers/STM32F1xx_HAL_Driver/Src/stm32f1xx_hal_i2c.o
 .debug_frame   0x0000000000001b60      0x21c ./Drivers/STM32F1xx_HAL_Driver/Src/stm32f1xx_hal_rcc.o
 .debug_frame   0x0000000000001d7c      0x980 ./Middlewares/Third_Party/FreeRTOS/Source/CMSIS_RTOS_V2/cmsis_os2.o
 .debug_frame   0x00000000000026fc       0xd8 ./Middlewares/Third_Party/FreeRTOS/Source/list.o
 .debug_frame   0x00000000000027d4      0x5ec ./Middlewares/Third_Party/FreeRTOS/Source/queue.o
 .debug_frame   0x0000000000002dc0      0x8a8 ./Middlewares/Third_Party/FreeRTOS/Source/tasks.o
 .debug_frame   0x0000000000003668      0x3b4 ./Middlewares/Third_Party/FreeRTOS/Source/timers.o
 .debug_frame   0x0000000000003a1c      0x198 ./Middlewares/Third_Party/FreeRTOS/Source/portable/GCC/ARM_CM3/port.o
 .debug_frame   0x0000000000003bb4      0x108 ./Middlewares/Third_Party/FreeRTOS/Source/portable/MemMang/heap_4.o
 .debug_frame   0x0000000000003cbc       0x2c c:/st/stm32cubeide_1.12.1/stm32cubeide/plugins/com.st.stm32cube.ide.mcu.externaltools.gnu-tools-for-stm32.10.3-2021.10.win32_1.0.200.202301161003/tools/bin/../lib/gcc/arm-none-eabi/10.3.1/../../../../arm-none-eabi/lib/thumb/v7-m/nofp\libc_nano.a(lib_a-init.o)
 .debug_frame   0x0000000000003ce8       0x38 c:/st/stm32cubeide_1.12.1/stm32cubeide/plugins/com.st.stm32cube.ide.mcu.externaltools.gnu-tools-for-stm32.10.3-2021.10.win32_1.0.200.202301161003/tools/bin/../lib/gcc/arm-none-eabi/10.3.1/../../../../arm-none-eabi/lib/thumb/v7-m/nofp\libc_nano.a(lib_a-itoa.o)
 .debug_frame   0x0000000000003d20       0x28 c:/st/stm32cubeide_1.12.1/stm32cubeide/plugins/com.st.stm32cube.ide.mcu.externaltools.gnu-tools-for-stm32.10.3-2021.10.win32_1.0.200.202301161003/tools/bin/../lib/gcc/arm-none-eabi/10.3.1/../../../../arm-none-eabi/lib/thumb/v7-m/nofp\libc_nano.a(lib_a-memcpy-stub.o)
 .debug_frame   0x0000000000003d48       0x20 c:/st/stm32cubeide_1.12.1/stm32cubeide/plugins/com.st.stm32cube.ide.mcu.externaltools.gnu-tools-for-stm32.10.3-2021.10.win32_1.0.200.202301161003/tools/bin/../lib/gcc/arm-none-eabi/10.3.1/../../../../arm-none-eabi/lib/thumb/v7-m/nofp\libc_nano.a(lib_a-memset.o)
 .debug_frame   0x0000000000003d68       0x48 c:/st/stm32cubeide_1.12.1/stm32cubeide/plugins/com.st.stm32cube.ide.mcu.externaltools.gnu-tools-for-stm32.10.3-2021.10.win32_1.0.200.202301161003/tools/bin/../lib/gcc/arm-none-eabi/10.3.1/../../../../arm-none-eabi/lib/thumb/v7-m/nofp\libc_nano.a(lib_a-utoa.o)
